Archive member included to satisfy reference by file (symbol)

C:/ST/STM32CubeIDE_1.14.0/STM32CubeIDE/plugins/com.st.stm32cube.ide.mcu.externaltools.gnu-tools-for-stm32.11.3.rel1.win32_1.1.100.202309141235/tools/bin/../lib/gcc/arm-none-eabi/11.3.1/../../../../arm-none-eabi/lib/thumb/v7e-m+fp/hard\libc_nano.a(libc_a-exit.o)
                              C:/ST/STM32CubeIDE_1.14.0/STM32CubeIDE/plugins/com.st.stm32cube.ide.mcu.externaltools.gnu-tools-for-stm32.11.3.rel1.win32_1.1.100.202309141235/tools/bin/../lib/gcc/arm-none-eabi/11.3.1/../../../../arm-none-eabi/lib/thumb/v7e-m+fp/hard/crt0.o (exit)
C:/ST/STM32CubeIDE_1.14.0/STM32CubeIDE/plugins/com.st.stm32cube.ide.mcu.externaltools.gnu-tools-for-stm32.11.3.rel1.win32_1.1.100.202309141235/tools/bin/../lib/gcc/arm-none-eabi/11.3.1/../../../../arm-none-eabi/lib/thumb/v7e-m+fp/hard\libc_nano.a(libc_a-findfp.o)
                              C:/ST/STM32CubeIDE_1.14.0/STM32CubeIDE/plugins/com.st.stm32cube.ide.mcu.externaltools.gnu-tools-for-stm32.11.3.rel1.win32_1.1.100.202309141235/tools/bin/../lib/gcc/arm-none-eabi/11.3.1/../../../../arm-none-eabi/lib/thumb/v7e-m+fp/hard\libc_nano.a(libc_a-exit.o) (__stdio_exit_handler)
C:/ST/STM32CubeIDE_1.14.0/STM32CubeIDE/plugins/com.st.stm32cube.ide.mcu.externaltools.gnu-tools-for-stm32.11.3.rel1.win32_1.1.100.202309141235/tools/bin/../lib/gcc/arm-none-eabi/11.3.1/../../../../arm-none-eabi/lib/thumb/v7e-m+fp/hard\libc_nano.a(libc_a-fwalk.o)
                              C:/ST/STM32CubeIDE_1.14.0/STM32CubeIDE/plugins/com.st.stm32cube.ide.mcu.externaltools.gnu-tools-for-stm32.11.3.rel1.win32_1.1.100.202309141235/tools/bin/../lib/gcc/arm-none-eabi/11.3.1/../../../../arm-none-eabi/lib/thumb/v7e-m+fp/hard\libc_nano.a(libc_a-findfp.o) (_fwalk_sglue)
C:/ST/STM32CubeIDE_1.14.0/STM32CubeIDE/plugins/com.st.stm32cube.ide.mcu.externaltools.gnu-tools-for-stm32.11.3.rel1.win32_1.1.100.202309141235/tools/bin/../lib/gcc/arm-none-eabi/11.3.1/../../../../arm-none-eabi/lib/thumb/v7e-m+fp/hard\libc_nano.a(libc_a-sprintf.o)
                              ./App/Aplicacion.o (sprintf)
C:/ST/STM32CubeIDE_1.14.0/STM32CubeIDE/plugins/com.st.stm32cube.ide.mcu.externaltools.gnu-tools-for-stm32.11.3.rel1.win32_1.1.100.202309141235/tools/bin/../lib/gcc/arm-none-eabi/11.3.1/../../../../arm-none-eabi/lib/thumb/v7e-m+fp/hard\libc_nano.a(libc_a-stdio.o)
                              C:/ST/STM32CubeIDE_1.14.0/STM32CubeIDE/plugins/com.st.stm32cube.ide.mcu.externaltools.gnu-tools-for-stm32.11.3.rel1.win32_1.1.100.202309141235/tools/bin/../lib/gcc/arm-none-eabi/11.3.1/../../../../arm-none-eabi/lib/thumb/v7e-m+fp/hard\libc_nano.a(libc_a-findfp.o) (__sread)
C:/ST/STM32CubeIDE_1.14.0/STM32CubeIDE/plugins/com.st.stm32cube.ide.mcu.externaltools.gnu-tools-for-stm32.11.3.rel1.win32_1.1.100.202309141235/tools/bin/../lib/gcc/arm-none-eabi/11.3.1/../../../../arm-none-eabi/lib/thumb/v7e-m+fp/hard\libc_nano.a(libc_a-memset.o)
                              C:/ST/STM32CubeIDE_1.14.0/STM32CubeIDE/plugins/com.st.stm32cube.ide.mcu.externaltools.gnu-tools-for-stm32.11.3.rel1.win32_1.1.100.202309141235/tools/bin/../lib/gcc/arm-none-eabi/11.3.1/../../../../arm-none-eabi/lib/thumb/v7e-m+fp/hard/crt0.o (memset)
C:/ST/STM32CubeIDE_1.14.0/STM32CubeIDE/plugins/com.st.stm32cube.ide.mcu.externaltools.gnu-tools-for-stm32.11.3.rel1.win32_1.1.100.202309141235/tools/bin/../lib/gcc/arm-none-eabi/11.3.1/../../../../arm-none-eabi/lib/thumb/v7e-m+fp/hard\libc_nano.a(libc_a-closer.o)
                              C:/ST/STM32CubeIDE_1.14.0/STM32CubeIDE/plugins/com.st.stm32cube.ide.mcu.externaltools.gnu-tools-for-stm32.11.3.rel1.win32_1.1.100.202309141235/tools/bin/../lib/gcc/arm-none-eabi/11.3.1/../../../../arm-none-eabi/lib/thumb/v7e-m+fp/hard\libc_nano.a(libc_a-stdio.o) (_close_r)
C:/ST/STM32CubeIDE_1.14.0/STM32CubeIDE/plugins/com.st.stm32cube.ide.mcu.externaltools.gnu-tools-for-stm32.11.3.rel1.win32_1.1.100.202309141235/tools/bin/../lib/gcc/arm-none-eabi/11.3.1/../../../../arm-none-eabi/lib/thumb/v7e-m+fp/hard\libc_nano.a(libc_a-reent.o)
                              C:/ST/STM32CubeIDE_1.14.0/STM32CubeIDE/plugins/com.st.stm32cube.ide.mcu.externaltools.gnu-tools-for-stm32.11.3.rel1.win32_1.1.100.202309141235/tools/bin/../lib/gcc/arm-none-eabi/11.3.1/../../../../arm-none-eabi/lib/thumb/v7e-m+fp/hard\libc_nano.a(libc_a-closer.o) (errno)
C:/ST/STM32CubeIDE_1.14.0/STM32CubeIDE/plugins/com.st.stm32cube.ide.mcu.externaltools.gnu-tools-for-stm32.11.3.rel1.win32_1.1.100.202309141235/tools/bin/../lib/gcc/arm-none-eabi/11.3.1/../../../../arm-none-eabi/lib/thumb/v7e-m+fp/hard\libc_nano.a(libc_a-impure.o)
                              C:/ST/STM32CubeIDE_1.14.0/STM32CubeIDE/plugins/com.st.stm32cube.ide.mcu.externaltools.gnu-tools-for-stm32.11.3.rel1.win32_1.1.100.202309141235/tools/bin/../lib/gcc/arm-none-eabi/11.3.1/../../../../arm-none-eabi/lib/thumb/v7e-m+fp/hard\libc_nano.a(libc_a-sprintf.o) (_impure_ptr)
[...]
Memory Configuration

Name             Origin             Length             Attributes
CCMRAM           0x0000000010000000 0x0000000000004000 xrw
RAM              0x0000000020000000 0x0000000000010000 xrw
FLASH            0x0000000008000000 0x0000000000080000 xr
*default*        0x0000000000000000 0xffffffffffffffff

Linker script and memory map

LOAD C:/ST/STM32CubeIDE_1.14.0/STM32CubeIDE/plugins/com.st.stm32cube.ide.mcu.externaltools.gnu-tools-for-stm32.11.3.rel1.win32_1.1.100.202309141235/tools/bin/../lib/gcc/arm-none-eabi/11.3.1/thumb/v7e-m+fp/hard/crti.o
LOAD C:/ST/STM32CubeIDE_1.14.0/STM32CubeIDE/plugins/com.st.stm32cube.ide.mcu.externaltools.gnu-tools-for-stm32.11.3.rel1.win32_1.1.100.202309141235/tools/bin/../lib/gcc/arm-none-eabi/11.3.1/thumb/v7e-m+fp/hard/crtbegin.o
LOAD C:/ST/STM32CubeIDE_1.14.0/STM32CubeIDE/plugins/com.st.stm32cube.ide.mcu.externaltools.gnu-tools-for-stm32.11.3.rel1.win32_1.1.100.202309141235/tools/bin/../lib/gcc/arm-none-eabi/11.3.1/../../../../arm-none-eabi/lib/thumb/v7e-m+fp/hard/crt0.o
LOAD ./App/Aplicacion.o
LOAD ./App/Dab.o
LOAD ./App/Idioma.o
LOAD ./App/Inverter.o
LOAD ./App/Mppt.o
LOAD ./App/OSC.o
LOAD ./App/Panel Tactil.o
LOAD ./Core/Src/main.o
LOAD ./Core/Src/stm32f3xx_hal_msp.o
LOAD ./Core/Src/stm32f3xx_it.o
LOAD ./Core/Src/syscalls.o
LOAD ./Core/Src/sysmem.o
LOAD ./Core/Src/system_stm32f3xx.o
LOAD ./Core/Startup/startup_stm32f303retx.o
LOAD ./Drivers/STM32F3xx_HAL_Driver/Src/stm32f3xx_hal.o
LOAD ./Drivers/STM32F3xx_HAL_Driver/Src/stm32f3xx_hal_adc.o
LOAD ./Drivers/STM32F3xx_HAL_Driver/Src/stm32f3xx_hal_adc_ex.o
LOAD ./Drivers/STM32F3xx_HAL_Driver/Src/stm32f3xx_hal_cortex.o
LOAD ./Drivers/STM32F3xx_HAL_Driver/Src/stm32f3xx_hal_dac.o
LOAD ./Drivers/STM32F3xx_HAL_Driver/Src/stm32f3xx_hal_dac_ex.o
LOAD ./Drivers/STM32F3xx_HAL_Driver/Src/stm32f3xx_hal_dma.o
LOAD ./Drivers/STM32F3xx_HAL_Driver/Src/stm32f3xx_hal_exti.o
LOAD ./Drivers/STM32F3xx_HAL_Driver/Src/stm32f3xx_hal_flash.o
LOAD ./Drivers/STM32F3xx_HAL_Driver/Src/stm32f3xx_hal_flash_ex.o
LOAD ./Drivers/STM32F3xx_HAL_Driver/Src/stm32f3xx_hal_gpio.o
LOAD ./Drivers/STM32F3xx_HAL_Driver/Src/stm32f3xx_hal_i2c.o
LOAD ./Drivers/STM32F3xx_HAL_Driver/Src/stm32f3xx_hal_i2c_ex.o
LOAD ./Drivers/STM32F3xx_HAL_Driver/Src/stm32f3xx_hal_pcd.o
LOAD ./Drivers/STM32F3xx_HAL_Driver/Src/stm32f3xx_hal_pcd_ex.o
LOAD ./Drivers/STM32F3xx_HAL_Driver/Src/stm32f3xx_hal_pwr.o
LOAD ./Drivers/STM32F3xx_HAL_Driver/Src/stm32f3xx_hal_pwr_ex.o
LOAD ./Drivers/STM32F3xx_HAL_Driver/Src/stm32f3xx_hal_rcc.o
LOAD ./Drivers/STM32F3xx_HAL_Driver/Src/stm32f3xx_hal_rcc_ex.o
LOAD ./Drivers/STM32F3xx_HAL_Driver/Src/stm32f3xx_hal_spi.o
LOAD ./Drivers/STM32F3xx_HAL_Driver/Src/stm32f3xx_hal_spi_ex.o
LOAD ./Drivers/STM32F3xx_HAL_Driver/Src/stm32f3xx_hal_tim.o
LOAD ./Drivers/STM32F3xx_HAL_Driver/Src/stm32f3xx_hal_tim_ex.o
LOAD ./Drivers/STM32F3xx_HAL_Driver/Src/stm32f3xx_hal_uart.o
LOAD ./Drivers/STM32F3xx_HAL_Driver/Src/stm32f3xx_hal_uart_ex.o
LOAD ./Drivers/STM32F3xx_HAL_Driver/Src/stm32f3xx_ll_usb.o
LOAD ./FATFS/App/fatfs.o
LOAD ./FATFS/Target/fatfs_sd.o
LOAD ./FATFS/Target/user_diskio.o
LOAD ./FATFS/Target/user_diskio_spi.o
LOAD ./ILI9341/ILI9341_Driver.o
LOAD ./Memoria/Memoria.o
LOAD ./Middlewares/ST/STM32_USB_Device_Library/Class/CDC/Src/usbd_cdc.o
LOAD ./Middlewares/ST/STM32_USB_Device_Library/Core/Src/usbd_core.o
LOAD ./Middlewares/ST/STM32_USB_Device_Library/Core/Src/usbd_ctlreq.o
LOAD ./Middlewares/ST/STM32_USB_Device_Library/Core/Src/usbd_ioreq.o
LOAD ./Middlewares/Third_Party/FatFs/src/diskio.o
LOAD ./Middlewares/Third_Party/FatFs/src/ff.o
LOAD ./Middlewares/Third_Party/FatFs/src/ff_gen_drv.o
LOAD ./Middlewares/Third_Party/FatFs/src/option/ccsbcs.o
LOAD ./Middlewares/Third_Party/FatFs/src/option/syscall.o
LOAD ./Recursos/Recursos.o
LOAD ./Touch/XPT2046_touch.o
LOAD ./USB_DEVICE/App/usb_device.o
LOAD ./USB_DEVICE/App/usbd_cdc_if.o
LOAD ./USB_DEVICE/App/usbd_desc.o
LOAD ./USB_DEVICE/Target/usbd_conf.o
START GROUP
LOAD C:/ST/STM32CubeIDE_1.14.0/STM32CubeIDE/plugins/com.st.stm32cube.ide.mcu.externaltools.gnu-tools-for-stm32.11.3.rel1.win32_1.1.100.202309141235/tools/bin/../lib/gcc/arm-none-eabi/11.3.1/../../../../arm-none-eabi/lib/thumb/v7e-m+fp/hard\libc_nano.a
LOAD C:/ST/STM32CubeIDE_1.14.0/STM32CubeIDE/plugins/com.st.stm32cube.ide.mcu.externaltools.gnu-tools-for-stm32.11.3.rel1.win32_1.1.100.202309141235/tools/bin/../lib/gcc/arm-none-eabi/11.3.1/../../../../arm-none-eabi/lib/thumb/v7e-m+fp/hard\libm.a
END GROUP
START GROUP
LOAD C:/ST/STM32CubeIDE_1.14.0/STM32CubeIDE/plugins/com.st.stm32cube.ide.mcu.externaltools.gnu-tools-for-stm32.11.3.rel1.win32_1.1.100.202309141235/tools/bin/../lib/gcc/arm-none-eabi/11.3.1/thumb/v7e-m+fp/hard\libgcc.a
LOAD C:/ST/STM32CubeIDE_1.14.0/STM32CubeIDE/plugins/com.st.stm32cube.ide.mcu.externaltools.gnu-tools-for-stm32.11.3.rel1.win32_1.1.100.202309141235/tools/bin/../lib/gcc/arm-none-eabi/11.3.1/../../../../arm-none-eabi/lib/thumb/v7e-m+fp/hard\libc_nano.a
END GROUP
START GROUP
LOAD C:/ST/STM32CubeIDE_1.14.0/STM32CubeIDE/plugins/com.st.stm32cube.ide.mcu.externaltools.gnu-tools-for-stm32.11.3.rel1.win32_1.1.100.202309141235/tools/bin/../lib/gcc/arm-none-eabi/11.3.1/thumb/v7e-m+fp/hard\libgcc.a
LOAD C:/ST/STM32CubeIDE_1.14.0/STM32CubeIDE/plugins/com.st.stm32cube.ide.mcu.externaltools.gnu-tools-for-stm32.11.3.rel1.win32_1.1.100.202309141235/tools/bin/../lib/gcc/arm-none-eabi/11.3.1/../../../../arm-none-eabi/lib/thumb/v7e-m+fp/hard\libc_nano.a
LOAD C:/ST/STM32CubeIDE_1.14.0/STM32CubeIDE/plugins/com.st.stm32cube.ide.mcu.externaltools.gnu-tools-for-stm32.11.3.rel1.win32_1.1.100.202309141235/tools/bin/../lib/gcc/arm-none-eabi/11.3.1/../../../../arm-none-eabi/lib/thumb/v7e-m+fp/hard\libnosys.a
END GROUP
START GROUP
LOAD C:/ST/STM32CubeIDE_1.14.0/STM32CubeIDE/plugins/com.st.stm32cube.ide.mcu.externaltools.gnu-tools-for-stm32.11.3.rel1.win32_1.1.100.202309141235/tools/bin/../lib/gcc/arm-none-eabi/11.3.1/thumb/v7e-m+fp/hard\libgcc.a
LOAD C:/ST/STM32CubeIDE_1.14.0/STM32CubeIDE/plugins/com.st.stm32cube.ide.mcu.externaltools.gnu-tools-for-stm32.11.3.rel1.win32_1.1.100.202309141235/tools/bin/../lib/gcc/arm-none-eabi/11.3.1/../../../../arm-none-eabi/lib/thumb/v7e-m+fp/hard\libc_nano.a
LOAD C:/ST/STM32CubeIDE_1.14.0/STM32CubeIDE/plugins/com.st.stm32cube.ide.mcu.externaltools.gnu-tools-for-stm32.11.3.rel1.win32_1.1.100.202309141235/tools/bin/../lib/gcc/arm-none-eabi/11.3.1/../../../../arm-none-eabi/lib/thumb/v7e-m+fp/hard\libnosys.a
END GROUP
LOAD C:/ST/STM32CubeIDE_1.14.0/STM32CubeIDE/plugins/com.st.stm32cube.ide.mcu.externaltools.gnu-tools-for-stm32.11.3.rel1.win32_1.1.100.202309141235/tools/bin/../lib/gcc/arm-none-eabi/11.3.1/thumb/v7e-m+fp/hard/crtend.o
LOAD C:/ST/STM32CubeIDE_1.14.0/STM32CubeIDE/plugins/com.st.stm32cube.ide.mcu.externaltools.gnu-tools-for-stm32.11.3.rel1.win32_1.1.100.202309141235/tools/bin/../lib/gcc/arm-none-eabi/11.3.1/thumb/v7e-m+fp/hard/crtn.o
                0x0000000020010000                _estack = (ORIGIN (RAM) + LENGTH (RAM))
                0x0000000000000200                _Min_Heap_Size = 0x200
                0x0000000000000400                _Min_Stack_Size = 0x400

.isr_vector     0x0000000008000000      0x194
                0x0000000008000000                . = ALIGN (0x4)
 *(.isr_vector)
 .isr_vector    0x0000000008000000      0x194 ./Core/Startup/startup_stm32f303retx.o
                0x0000000008000000                g_pfnVectors
                0x0000000008000194                . = ALIGN (0x4)

.text           0x00000000080001a0     0xeec8
                0x00000000080001a0                . = ALIGN (0x4)
 *(.text)
 .text          0x00000000080001a0       0x40 C:/ST/STM32CubeIDE_1.14.0/STM32CubeIDE/plugins/com.st.stm32cube.ide.mcu.externaltools.gnu-tools-for-stm32.11.3.rel1.win32_1.1.100.202309141235/tools/bin/../lib/gcc/arm-none-eabi/11.3.1/thumb/v7e-m+fp/hard/crtbegin.o
 .text          0x00000000080001e0       0x10 C:/ST/STM32CubeIDE_1.14.0/STM32CubeIDE/plugins/com.st.stm32cube.ide.mcu.externaltools.gnu-tools-for-stm32.11.3.rel1.win32_1.1.100.202309141235/tools/bin/../lib/gcc/arm-none-eabi/11.3.1/../../../../arm-none-eabi/lib/thumb/v7e-m+fp/hard\libc_nano.a(libc_a-strlen.o)
                0x00000000080001e0                strlen
 .text          0x00000000080001f0       0xa0 C:/ST/STM32CubeIDE_1.14.0/STM32CubeIDE/plugins/com.st.stm32cube.ide.mcu.externaltools.gnu-tools-for-stm32.11.3.rel1.win32_1.1.100.202309141235/tools/bin/../lib/gcc/arm-none-eabi/11.3.1/../../../../arm-none-eabi/lib/thumb/v7e-m+fp/hard\libc_nano.a(libc_a-memchr.o)
                0x00000000080001f0                memchr
 .text          0x0000000008000290      0x378 C:/ST/STM32CubeIDE_1.14.0/STM32CubeIDE/plugins/com.st.stm32cube.ide.mcu.externaltools.gnu-tools-for-stm32.11.3.rel1.win32_1.1.100.202309141235/tools/bin/../lib/gcc/arm-none-eabi/11.3.1/thumb/v7e-m+fp/hard\libgcc.a(_arm_addsubdf3.o)
                0x0000000008000290                __aeabi_drsub
                0x0000000008000298                __aeabi_dsub
                0x0000000008000298                __subdf3
                0x000000000800029c                __aeabi_dadd
                0x000000000800029c                __adddf3
                0x0000000008000514                __floatunsidf
                0x0000000008000514                __aeabi_ui2d
                0x0000000008000534                __floatsidf
                0x0000000008000534                __aeabi_i2d
                0x0000000008000558                __aeabi_f2d
                0x0000000008000558                __extendsfdf2
                0x000000000800059c                __floatundidf
                0x000000000800059c                __aeabi_ul2d
                0x00000000080005ac                __floatdidf
                0x00000000080005ac                __aeabi_l2d
 .text          0x0000000008000608      0x424 C:/ST/STM32CubeIDE_1.14.0/STM32CubeIDE/plugins/com.st.stm32cube.ide.mcu.externaltools.gnu-tools-for-stm32.11.3.rel1.win32_1.1.100.202309141235/tools/bin/../lib/gcc/arm-none-eabi/11.3.1/thumb/v7e-m+fp/hard\libgcc.a(_arm_muldivdf3.o)
                0x0000000008000608                __aeabi_dmul
                0x0000000008000608                __muldf3
                0x000000000800085c                __divdf3
                0x000000000800085c                __aeabi_ddiv
 .text          0x0000000008000a2c      0x110 C:/ST/STM32CubeIDE_1.14.0/STM32CubeIDE/plugins/com.st.stm32cube.ide.mcu.externaltools.gnu-tools-for-stm32.11.3.rel1.win32_1.1.100.202309141235/tools/bin/../lib/gcc/arm-none-eabi/11.3.1/thumb/v7e-m+fp/hard\libgcc.a(_arm_cmpdf2.o)
                0x0000000008000a2c                __gtdf2
                0x0000000008000a2c                __gedf2
                0x0000000008000a34                __ltdf2
                0x0000000008000a34                __ledf2
                0x0000000008000a3c                __nedf2
                0x0000000008000a3c                __eqdf2
                0x0000000008000a3c                __cmpdf2
                0x0000000008000ab8                __aeabi_cdrcmple
                0x0000000008000ac8                __aeabi_cdcmpeq
                0x0000000008000ac8                __aeabi_cdcmple
                0x0000000008000ad8                __aeabi_dcmpeq
                0x0000000008000aec                __aeabi_dcmplt
                0x0000000008000b00                __aeabi_dcmple
                0x0000000008000b14                __aeabi_dcmpge
                0x0000000008000b28                __aeabi_dcmpgt
 .text          0x0000000008000b3c       0x50 C:/ST/STM32CubeIDE_1.14.0/STM32CubeIDE/plugins/com.st.stm32cube.ide.mcu.externaltools.gnu-tools-for-stm32.11.3.rel1.win32_1.1.100.202309141235/tools/bin/../lib/gcc/arm-none-eabi/11.3.1/thumb/v7e-m+fp/hard\libgcc.a(_arm_fixdfsi.o)
                0x0000000008000b3c                __aeabi_d2iz
                0x0000000008000b3c                __fixdfsi
 .text          0x0000000008000b8c       0x40 C:/ST/STM32CubeIDE_1.14.0/STM32CubeIDE/plugins/com.st.stm32cube.ide.mcu.externaltools.gnu-tools-for-stm32.11.3.rel1.win32_1.1.100.202309141235/tools/bin/../lib/gcc/arm-none-eabi/11.3.1/thumb/v7e-m+fp/hard\libgcc.a(_arm_fixunsdfsi.o)
                0x0000000008000b8c                __aeabi_d2uiz
                0x0000000008000b8c                __fixunsdfsi
 .text          0x0000000008000bcc       0xa0 C:/ST/STM32CubeIDE_1.14.0/STM32CubeIDE/plugins/com.st.stm32cube.ide.mcu.externaltools.gnu-tools-for-stm32.11.3.rel1.win32_1.1.100.202309141235/tools/bin/../lib/gcc/arm-none-eabi/11.3.1/thumb/v7e-m+fp/hard\libgcc.a(_arm_truncdfsf2.o)
                0x0000000008000bcc                __truncdfsf2
                0x0000000008000bcc                __aeabi_d2f
 *(.text*)
 .text.AppInit  0x0000000008000c6c       0x14 ./App/Aplicacion.o
                0x0000000008000c6c                AppInit
 .text.AppLoop  0x0000000008000c80      0xda8 ./App/Aplicacion.o
                0x0000000008000c80                AppLoop
 .text.LeerVBus
                0x0000000008001a28       0x18 ./App/Aplicacion.o
                0x0000000008001a28                LeerVBus
 .text.LeerVac  0x0000000008001a40       0x18 ./App/Aplicacion.o
                0x0000000008001a40                LeerVac
 .text.LeerIac  0x0000000008001a58       0x18 ./App/Aplicacion.o
                0x0000000008001a58                LeerIac
 .text.LeerVPanel
                0x0000000008001a70       0x18 ./App/Aplicacion.o
                0x0000000008001a70                LeerVPanel
 .text.LeerIPanel
                0x0000000008001a88       0x18 ./App/Aplicacion.o
                0x0000000008001a88                LeerIPanel
 .text.InverterInit
                0x0000000008001aa0       0x24 ./App/Inverter.o
                0x0000000008001aa0                InverterInit
 .text.InverterLoop
                0x0000000008001ac4       0x3c ./App/Inverter.o
                0x0000000008001ac4                InverterLoop
 .text.MpptInit
                0x0000000008001b00       0x1c ./App/Mppt.o
                0x0000000008001b00                MpptInit
 .text.MpptLoop
                0x0000000008001b1c       0x3c ./App/Mppt.o
                0x0000000008001b1c                MpptLoop
 .text.TomarCanales
                0x0000000008001b58      0x17c ./App/OSC.o
                0x0000000008001b58                TomarCanales
 .text.SetBT    0x0000000008001cd4      0x1fc ./App/OSC.o
                0x0000000008001cd4                SetBT
 .text.AtencionTecla
                0x0000000008001ed0      0x568 ./App/Panel Tactil.o
                0x0000000008001ed0                AtencionTecla
 .text.GenOnda  0x0000000008002438       0x80 ./Core/Src/main.o
                0x0000000008002438                GenOnda
 .text.SystemClock_Config
                0x00000000080024b8       0x80 ./Core/Src/main.o
                0x00000000080024b8                SystemClock_Config
 .text.startup.main
                0x0000000008002538      0x858 ./Core/Src/main.o
                0x0000000008002538                main
 .text.HAL_TIM_PeriodElapsedCallback
                0x0000000008002d90       0x28 ./Core/Src/main.o
                0x0000000008002d90                HAL_TIM_PeriodElapsedCallback
 .text.Error_Handler
                0x0000000008002db8        0x2 ./Core/Src/main.o
                0x0000000008002db8                Error_Handler
 *fill*         0x0000000008002dba        0x2 
 .text.HAL_MspInit
                0x0000000008002dbc       0x34 ./Core/Src/stm32f3xx_hal_msp.o
                0x0000000008002dbc                HAL_MspInit
 .text.HAL_ADC_MspInit
                0x0000000008002df0      0x1d8 ./Core/Src/stm32f3xx_hal_msp.o
                0x0000000008002df0                HAL_ADC_MspInit
 .text.HAL_DAC_MspInit
                0x0000000008002fc8       0xa4 ./Core/Src/stm32f3xx_hal_msp.o
                0x0000000008002fc8                HAL_DAC_MspInit
 .text.HAL_SPI_MspInit
                0x000000000800306c       0x68 ./Core/Src/stm32f3xx_hal_msp.o
                0x000000000800306c                HAL_SPI_MspInit
 .text.HAL_TIM_Base_MspInit
                0x00000000080030d4      0x13c ./Core/Src/stm32f3xx_hal_msp.o
                0x00000000080030d4                HAL_TIM_Base_MspInit
 .text.HAL_TIM_MspPostInit
                0x0000000008003210      0x15c ./Core/Src/stm32f3xx_hal_msp.o
                0x0000000008003210                HAL_TIM_MspPostInit
 .text.HAL_UART_MspInit
                0x000000000800336c       0x64 ./Core/Src/stm32f3xx_hal_msp.o
                0x000000000800336c                HAL_UART_MspInit
 .text.SDTimer_Handler
                0x00000000080033d0       0x20 ./Core/Src/stm32f3xx_it.o
                0x00000000080033d0                SDTimer_Handler
 .text.NMI_Handler
                0x00000000080033f0        0x2 ./Core/Src/stm32f3xx_it.o
                0x00000000080033f0                NMI_Handler
 .text.HardFault_Handler
                0x00000000080033f2        0x2 ./Core/Src/stm32f3xx_it.o
                0x00000000080033f2                HardFault_Handler
 .text.MemManage_Handler
                0x00000000080033f4        0x2 ./Core/Src/stm32f3xx_it.o
                0x00000000080033f4                MemManage_Handler
 .text.BusFault_Handler
                0x00000000080033f6        0x2 ./Core/Src/stm32f3xx_it.o
                0x00000000080033f6                BusFault_Handler
 .text.UsageFault_Handler
                0x00000000080033f8        0x2 ./Core/Src/stm32f3xx_it.o
                0x00000000080033f8                UsageFault_Handler
 .text.SVC_Handler
                0x00000000080033fa        0x2 ./Core/Src/stm32f3xx_it.o
                0x00000000080033fa                SVC_Handler
 .text.DebugMon_Handler
                0x00000000080033fc        0x2 ./Core/Src/stm32f3xx_it.o
                0x00000000080033fc                DebugMon_Handler
 .text.PendSV_Handler
                0x00000000080033fe        0x2 ./Core/Src/stm32f3xx_it.o
                0x00000000080033fe                PendSV_Handler
 .text.SysTick_Handler
                0x0000000008003400       0x28 ./Core/Src/stm32f3xx_it.o
                0x0000000008003400                SysTick_Handler
 .text.DMA1_Channel1_IRQHandler
                0x0000000008003428        0xc ./Core/Src/stm32f3xx_it.o
                0x0000000008003428                DMA1_Channel1_IRQHandler
 .text.DMA1_Channel3_IRQHandler
                0x0000000008003434        0xc ./Core/Src/stm32f3xx_it.o
                0x0000000008003434                DMA1_Channel3_IRQHandler
 .text.DMA1_Channel5_IRQHandler
                0x0000000008003440        0xc ./Core/Src/stm32f3xx_it.o
                0x0000000008003440                DMA1_Channel5_IRQHandler
 .text.TIM1_UP_TIM16_IRQHandler
                0x000000000800344c        0xc ./Core/Src/stm32f3xx_it.o
                0x000000000800344c                TIM1_UP_TIM16_IRQHandler
 .text.TIM3_IRQHandler
                0x0000000008003458        0xc ./Core/Src/stm32f3xx_it.o
                0x0000000008003458                TIM3_IRQHandler
 .text.TIM7_IRQHandler
                0x0000000008003464        0xc ./Core/Src/stm32f3xx_it.o
                0x0000000008003464                TIM7_IRQHandler
 .text.DMA2_Channel1_IRQHandler
                0x0000000008003470        0xc ./Core/Src/stm32f3xx_it.o
                0x0000000008003470                DMA2_Channel1_IRQHandler
 .text.DMA2_Channel2_IRQHandler
                0x000000000800347c        0xc ./Core/Src/stm32f3xx_it.o
                0x000000000800347c                DMA2_Channel2_IRQHandler
 .text.DMA2_Channel5_IRQHandler
                0x0000000008003488        0xc ./Core/Src/stm32f3xx_it.o
                0x0000000008003488                DMA2_Channel5_IRQHandler
 .text.USB_LP_IRQHandler
                0x0000000008003494        0xc ./Core/Src/stm32f3xx_it.o
                0x0000000008003494                USB_LP_IRQHandler
 .text._sbrk    0x00000000080034a0       0x34 ./Core/Src/sysmem.o
                0x00000000080034a0                _sbrk
 .text.SystemInit
                0x00000000080034d4       0x68 ./Core/Src/system_stm32f3xx.o
                0x00000000080034d4                SystemInit
 .text.Reset_Handler
                0x000000000800353c       0x50 ./Core/Startup/startup_stm32f303retx.o
                0x000000000800353c                Reset_Handler
 .text.Default_Handler
                0x000000000800358c        0x2 ./Core/Startup/startup_stm32f303retx.o
                0x000000000800358c                RTC_Alarm_IRQHandler
                0x000000000800358c                TIM8_TRG_COM_IRQHandler
                0x000000000800358c                TIM8_CC_IRQHandler
                0x000000000800358c                SPI4_IRQHandler
                0x000000000800358c                TIM1_CC_IRQHandler
                0x000000000800358c                USB_HP_IRQHandler
                0x000000000800358c                PVD_IRQHandler
                0x000000000800358c                TAMP_STAMP_IRQHandler
                0x000000000800358c                EXTI3_IRQHandler
                0x000000000800358c                I2C3_ER_IRQHandler
                0x000000000800358c                USB_HP_CAN_TX_IRQHandler
                0x000000000800358c                EXTI0_IRQHandler
                0x000000000800358c                I2C2_EV_IRQHandler
                0x000000000800358c                FPU_IRQHandler
                0x000000000800358c                ADC1_2_IRQHandler
                0x000000000800358c                SPI1_IRQHandler
                0x000000000800358c                CAN_SCE_IRQHandler
                0x000000000800358c                TIM6_DAC_IRQHandler
                0x000000000800358c                TIM8_UP_IRQHandler
                0x000000000800358c                DMA1_Channel4_IRQHandler
                0x000000000800358c                TIM20_TRG_COM_IRQHandler
                0x000000000800358c                USART3_IRQHandler
                0x000000000800358c                DMA1_Channel7_IRQHandler
                0x000000000800358c                UART5_IRQHandler
                0x000000000800358c                ADC3_IRQHandler
                0x000000000800358c                TIM4_IRQHandler
                0x000000000800358c                CAN_RX1_IRQHandler
                0x000000000800358c                I2C1_EV_IRQHandler
                0x000000000800358c                DMA1_Channel6_IRQHandler
                0x000000000800358c                UART4_IRQHandler
                0x000000000800358c                DMA2_Channel4_IRQHandler
                0x000000000800358c                RCC_IRQHandler
                0x000000000800358c                TIM20_UP_IRQHandler
                0x000000000800358c                Default_Handler
                0x000000000800358c                USBWakeUp_RMP_IRQHandler
                0x000000000800358c                EXTI15_10_IRQHandler
                0x000000000800358c                I2C3_EV_IRQHandler
                0x000000000800358c                EXTI9_5_IRQHandler
                0x000000000800358c                RTC_WKUP_IRQHandler
                0x000000000800358c                SPI2_IRQHandler
                0x000000000800358c                USB_LP_CAN_RX0_IRQHandler
                0x000000000800358c                EXTI4_IRQHandler
                0x000000000800358c                TIM1_TRG_COM_TIM17_IRQHandler
                0x000000000800358c                ADC4_IRQHandler
                0x000000000800358c                WWDG_IRQHandler
                0x000000000800358c                TIM2_IRQHandler
                0x000000000800358c                COMP7_IRQHandler
                0x000000000800358c                COMP1_2_3_IRQHandler
                0x000000000800358c                EXTI1_IRQHandler
                0x000000000800358c                USART2_IRQHandler
                0x000000000800358c                COMP4_5_6_IRQHandler
                0x000000000800358c                TIM20_BRK_IRQHandler
                0x000000000800358c                I2C2_ER_IRQHandler
                0x000000000800358c                DMA1_Channel2_IRQHandler
                0x000000000800358c                TIM8_BRK_IRQHandler
                0x000000000800358c                FLASH_IRQHandler
                0x000000000800358c                TIM20_CC_IRQHandler
                0x000000000800358c                USART1_IRQHandler
                0x000000000800358c                SPI3_IRQHandler
                0x000000000800358c                I2C1_ER_IRQHandler
                0x000000000800358c                FMC_IRQHandler
                0x000000000800358c                USBWakeUp_IRQHandler
                0x000000000800358c                DMA2_Channel3_IRQHandler
                0x000000000800358c                EXTI2_TSC_IRQHandler
                0x000000000800358c                TIM1_BRK_TIM15_IRQHandler
 *fill*         0x000000000800358e        0x2 
 .text.HAL_InitTick
                0x0000000008003590       0x48 ./Drivers/STM32F3xx_HAL_Driver/Src/stm32f3xx_hal.o
                0x0000000008003590                HAL_InitTick
 .text.HAL_Init
                0x00000000080035d8       0x24 ./Drivers/STM32F3xx_HAL_Driver/Src/stm32f3xx_hal.o
                0x00000000080035d8                HAL_Init
 .text.HAL_IncTick
                0x00000000080035fc       0x18 ./Drivers/STM32F3xx_HAL_Driver/Src/stm32f3xx_hal.o
                0x00000000080035fc                HAL_IncTick
 .text.HAL_GetTick
                0x0000000008003614        0xc ./Drivers/STM32F3xx_HAL_Driver/Src/stm32f3xx_hal.o
                0x0000000008003614                HAL_GetTick
 .text.HAL_Delay
                0x0000000008003620       0x28 ./Drivers/STM32F3xx_HAL_Driver/Src/stm32f3xx_hal.o
                0x0000000008003620                HAL_Delay
 .text.HAL_ADC_ConvCpltCallback
                0x0000000008003648        0x2 ./Drivers/STM32F3xx_HAL_Driver/Src/stm32f3xx_hal_adc.o
                0x0000000008003648                HAL_ADC_ConvCpltCallback
 .text.HAL_ADC_ConvHalfCpltCallback
                0x000000000800364a        0x2 ./Drivers/STM32F3xx_HAL_Driver/Src/stm32f3xx_hal_adc.o
                0x000000000800364a                HAL_ADC_ConvHalfCpltCallback
 .text.HAL_ADC_ErrorCallback
                0x000000000800364c        0x2 ./Drivers/STM32F3xx_HAL_Driver/Src/stm32f3xx_hal_adc.o
                0x000000000800364c                HAL_ADC_ErrorCallback
 .text.ADC_Disable
                0x000000000800364e       0x76 ./Drivers/STM32F3xx_HAL_Driver/Src/stm32f3xx_hal_adc_ex.o
 .text.ADC_ConversionStop
                0x00000000080036c4       0xb4 ./Drivers/STM32F3xx_HAL_Driver/Src/stm32f3xx_hal_adc_ex.o
 .text.ADC_Enable
                0x0000000008003778       0x64 ./Drivers/STM32F3xx_HAL_Driver/Src/stm32f3xx_hal_adc_ex.o
 .text.ADC_DMAError
                0x00000000080037dc       0x16 ./Drivers/STM32F3xx_HAL_Driver/Src/stm32f3xx_hal_adc_ex.o
 .text.ADC_DMAHalfConvCplt
                0x00000000080037f2        0x6 ./Drivers/STM32F3xx_HAL_Driver/Src/stm32f3xx_hal_adc_ex.o
 .text.ADC_DMAConvCplt
                0x00000000080037f8       0x42 ./Drivers/STM32F3xx_HAL_Driver/Src/stm32f3xx_hal_adc_ex.o
 *fill*         0x000000000800383a        0x2 
 .text.HAL_ADC_Init
                0x000000000800383c      0x278 ./Drivers/STM32F3xx_HAL_Driver/Src/stm32f3xx_hal_adc_ex.o
                0x000000000800383c                HAL_ADC_Init
 .text.HAL_ADC_Start_DMA
                0x0000000008003ab4      0x154 ./Drivers/STM32F3xx_HAL_Driver/Src/stm32f3xx_hal_adc_ex.o
                0x0000000008003ab4                HAL_ADC_Start_DMA
 .text.HAL_ADC_Stop_DMA
                0x0000000008003c08       0x7c ./Drivers/STM32F3xx_HAL_Driver/Src/stm32f3xx_hal_adc_ex.o
                0x0000000008003c08                HAL_ADC_Stop_DMA
 .text.HAL_ADC_ConfigChannel
                0x0000000008003c84      0x318 ./Drivers/STM32F3xx_HAL_Driver/Src/stm32f3xx_hal_adc_ex.o
                0x0000000008003c84                HAL_ADC_ConfigChannel
 .text.HAL_ADCEx_MultiModeConfigChannel
                0x0000000008003f9c      0x108 ./Drivers/STM32F3xx_HAL_Driver/Src/stm32f3xx_hal_adc_ex.o
                0x0000000008003f9c                HAL_ADCEx_MultiModeConfigChannel
 .text.HAL_NVIC_SetPriorityGrouping
                0x00000000080040a4       0x24 ./Drivers/STM32F3xx_HAL_Driver/Src/stm32f3xx_hal_cortex.o
                0x00000000080040a4                HAL_NVIC_SetPriorityGrouping
 .text.HAL_NVIC_SetPriority
                0x00000000080040c8       0x64 ./Drivers/STM32F3xx_HAL_Driver/Src/stm32f3xx_hal_cortex.o
                0x00000000080040c8                HAL_NVIC_SetPriority
 .text.HAL_NVIC_EnableIRQ
                0x000000000800412c       0x1c ./Drivers/STM32F3xx_HAL_Driver/Src/stm32f3xx_hal_cortex.o
                0x000000000800412c                HAL_NVIC_EnableIRQ
 .text.HAL_SYSTICK_Config
                0x0000000008004148       0x28 ./Drivers/STM32F3xx_HAL_Driver/Src/stm32f3xx_hal_cortex.o
                0x0000000008004148                HAL_SYSTICK_Config
 .text.HAL_DAC_Init
                0x0000000008004170       0x26 ./Drivers/STM32F3xx_HAL_Driver/Src/stm32f3xx_hal_dac.o
                0x0000000008004170                HAL_DAC_Init
 .text.HAL_DAC_ConvCpltCallbackCh1
                0x0000000008004196        0x2 ./Drivers/STM32F3xx_HAL_Driver/Src/stm32f3xx_hal_dac.o
                0x0000000008004196                HAL_DAC_ConvCpltCallbackCh1
 .text.HAL_DAC_ConvHalfCpltCallbackCh1
                0x0000000008004198        0x2 ./Drivers/STM32F3xx_HAL_Driver/Src/stm32f3xx_hal_dac.o
                0x0000000008004198                HAL_DAC_ConvHalfCpltCallbackCh1
 .text.HAL_DAC_ErrorCallbackCh1
                0x000000000800419a        0x2 ./Drivers/STM32F3xx_HAL_Driver/Src/stm32f3xx_hal_dac.o
                0x000000000800419a                HAL_DAC_ErrorCallbackCh1
 .text.DAC_DMAErrorCh1
                0x000000000800419c       0x18 ./Drivers/STM32F3xx_HAL_Driver/Src/stm32f3xx_hal_dac_ex.o
 .text.DAC_DMAHalfConvCpltCh1
                0x00000000080041b4        0x6 ./Drivers/STM32F3xx_HAL_Driver/Src/stm32f3xx_hal_dac_ex.o
 .text.DAC_DMAConvCpltCh1
                0x00000000080041ba       0x10 ./Drivers/STM32F3xx_HAL_Driver/Src/stm32f3xx_hal_dac_ex.o
 *fill*         0x00000000080041ca        0x2 
 .text.HAL_DAC_Start_DMA
                0x00000000080041cc       0xd0 ./Drivers/STM32F3xx_HAL_Driver/Src/stm32f3xx_hal_dac_ex.o
                0x00000000080041cc                HAL_DAC_Start_DMA
 .text.HAL_DAC_ConfigChannel
                0x000000000800429c       0x42 ./Drivers/STM32F3xx_HAL_Driver/Src/stm32f3xx_hal_dac_ex.o
                0x000000000800429c                HAL_DAC_ConfigChannel
 .text.HAL_DACEx_ConvCpltCallbackCh2
                0x00000000080042de        0x2 ./Drivers/STM32F3xx_HAL_Driver/Src/stm32f3xx_hal_dac_ex.o
                0x00000000080042de                HAL_DACEx_ConvCpltCallbackCh2
 .text.DAC_DMAConvCpltCh2
                0x00000000080042e0       0x10 ./Drivers/STM32F3xx_HAL_Driver/Src/stm32f3xx_hal_dac_ex.o
 .text.HAL_DACEx_ConvHalfCpltCallbackCh2
                0x00000000080042f0        0x2 ./Drivers/STM32F3xx_HAL_Driver/Src/stm32f3xx_hal_dac_ex.o
                0x00000000080042f0                HAL_DACEx_ConvHalfCpltCallbackCh2
 .text.DAC_DMAHalfConvCpltCh2
                0x00000000080042f2        0xa ./Drivers/STM32F3xx_HAL_Driver/Src/stm32f3xx_hal_dac_ex.o
 .text.HAL_DACEx_ErrorCallbackCh2
                0x00000000080042fc        0x2 ./Drivers/STM32F3xx_HAL_Driver/Src/stm32f3xx_hal_dac_ex.o
                0x00000000080042fc                HAL_DACEx_ErrorCallbackCh2
 .text.DAC_DMAErrorCh2
                0x00000000080042fe       0x18 ./Drivers/STM32F3xx_HAL_Driver/Src/stm32f3xx_hal_dac_ex.o
 *fill*         0x0000000008004316        0x2 
 .text.DMA_CalcBaseAndBitshift
                0x0000000008004318       0x40 ./Drivers/STM32F3xx_HAL_Driver/Src/stm32f3xx_hal_dma.o
 .text.HAL_DMA_Init
                0x0000000008004358       0x44 ./Drivers/STM32F3xx_HAL_Driver/Src/stm32f3xx_hal_dma.o
                0x0000000008004358                HAL_DMA_Init
 .text.HAL_DMA_Start_IT
                0x000000000800439c       0x78 ./Drivers/STM32F3xx_HAL_Driver/Src/stm32f3xx_hal_dma.o
                0x000000000800439c                HAL_DMA_Start_IT
 .text.HAL_DMA_Abort
                0x0000000008004414       0x3e ./Drivers/STM32F3xx_HAL_Driver/Src/stm32f3xx_hal_dma.o
                0x0000000008004414                HAL_DMA_Abort
 .text.HAL_DMA_IRQHandler
                0x0000000008004452       0x8c ./Drivers/STM32F3xx_HAL_Driver/Src/stm32f3xx_hal_dma.o
                0x0000000008004452                HAL_DMA_IRQHandler
 *fill*         0x00000000080044de        0x2 
 .text.HAL_GPIO_Init
                0x00000000080044e0      0x1a4 ./Drivers/STM32F3xx_HAL_Driver/Src/stm32f3xx_hal_gpio.o
                0x00000000080044e0                HAL_GPIO_Init
 .text.HAL_GPIO_ReadPin
                0x0000000008004684        0xc ./Drivers/STM32F3xx_HAL_Driver/Src/stm32f3xx_hal_gpio.o
                0x0000000008004684                HAL_GPIO_ReadPin
 .text.HAL_GPIO_WritePin
                0x0000000008004690        0xa ./Drivers/STM32F3xx_HAL_Driver/Src/stm32f3xx_hal_gpio.o
                0x0000000008004690                HAL_GPIO_WritePin
 .text.HAL_GPIO_TogglePin
                0x000000000800469a       0x12 ./Drivers/STM32F3xx_HAL_Driver/Src/stm32f3xx_hal_gpio.o
                0x000000000800469a                HAL_GPIO_TogglePin
 .text.HAL_PCD_Init
                0x00000000080046ac       0xaa ./Drivers/STM32F3xx_HAL_Driver/Src/stm32f3xx_hal_pcd.o
                0x00000000080046ac                HAL_PCD_Init
 .text.HAL_PCD_Start
                0x0000000008004756       0x32 ./Drivers/STM32F3xx_HAL_Driver/Src/stm32f3xx_hal_pcd.o
                0x0000000008004756                HAL_PCD_Start
 .text.HAL_PCD_SetAddress
                0x0000000008004788       0x28 ./Drivers/STM32F3xx_HAL_Driver/Src/stm32f3xx_hal_pcd.o
                0x0000000008004788                HAL_PCD_SetAddress
 .text.HAL_PCD_IRQHandler
                0x00000000080047b0      0x984 ./Drivers/STM32F3xx_HAL_Driver/Src/stm32f3xx_hal_pcd.o
                0x00000000080047b0                HAL_PCD_IRQHandler
 .text.HAL_PCD_EP_Open
                0x0000000008005134       0x5e ./Drivers/STM32F3xx_HAL_Driver/Src/stm32f3xx_hal_pcd.o
                0x0000000008005134                HAL_PCD_EP_Open
 .text.HAL_PCD_EP_Close
                0x0000000008005192       0x52 ./Drivers/STM32F3xx_HAL_Driver/Src/stm32f3xx_hal_pcd.o
                0x0000000008005192                HAL_PCD_EP_Close
 .text.HAL_PCD_EP_Receive
                0x00000000080051e4       0x2c ./Drivers/STM32F3xx_HAL_Driver/Src/stm32f3xx_hal_pcd.o
                0x00000000080051e4                HAL_PCD_EP_Receive
 .text.HAL_PCD_EP_GetRxCount
                0x0000000008005210       0x10 ./Drivers/STM32F3xx_HAL_Driver/Src/stm32f3xx_hal_pcd.o
                0x0000000008005210                HAL_PCD_EP_GetRxCount
 .text.HAL_PCD_EP_Transmit
                0x0000000008005220       0x3c ./Drivers/STM32F3xx_HAL_Driver/Src/stm32f3xx_hal_pcd.o
                0x0000000008005220                HAL_PCD_EP_Transmit
 .text.HAL_PCD_EP_SetStall
                0x000000000800525c       0x60 ./Drivers/STM32F3xx_HAL_Driver/Src/stm32f3xx_hal_pcd.o
                0x000000000800525c                HAL_PCD_EP_SetStall
 .text.HAL_PCD_EP_ClrStall
                0x00000000080052bc       0x64 ./Drivers/STM32F3xx_HAL_Driver/Src/stm32f3xx_hal_pcd.o
                0x00000000080052bc                HAL_PCD_EP_ClrStall
 .text.HAL_PCDEx_PMAConfig
                0x0000000008005320       0x34 ./Drivers/STM32F3xx_HAL_Driver/Src/stm32f3xx_hal_pcd_ex.o
                0x0000000008005320                HAL_PCDEx_PMAConfig
 .text.HAL_RCC_OscConfig
                0x0000000008005354      0x4e0 ./Drivers/STM32F3xx_HAL_Driver/Src/stm32f3xx_hal_rcc.o
                0x0000000008005354                HAL_RCC_OscConfig
 .text.HAL_RCC_GetSysClockFreq
                0x0000000008005834       0x58 ./Drivers/STM32F3xx_HAL_Driver/Src/stm32f3xx_hal_rcc.o
                0x0000000008005834                HAL_RCC_GetSysClockFreq
 .text.HAL_RCC_ClockConfig
                0x000000000800588c      0x150 ./Drivers/STM32F3xx_HAL_Driver/Src/stm32f3xx_hal_rcc.o
                0x000000000800588c                HAL_RCC_ClockConfig
 .text.HAL_RCC_GetPCLK1Freq
                0x00000000080059dc       0x30 ./Drivers/STM32F3xx_HAL_Driver/Src/stm32f3xx_hal_rcc.o
                0x00000000080059dc                HAL_RCC_GetPCLK1Freq
 .text.HAL_RCC_GetPCLK2Freq
                0x0000000008005a0c       0x30 ./Drivers/STM32F3xx_HAL_Driver/Src/stm32f3xx_hal_rcc.o
                0x0000000008005a0c                HAL_RCC_GetPCLK2Freq
 .text.HAL_RCCEx_PeriphCLKConfig
                0x0000000008005a3c      0x27c ./Drivers/STM32F3xx_HAL_Driver/Src/stm32f3xx_hal_rcc_ex.o
                0x0000000008005a3c                HAL_RCCEx_PeriphCLKConfig
 .text.SPI_WaitFifoStateUntilTimeout.constprop.0
                0x0000000008005cb8       0xc8 ./Drivers/STM32F3xx_HAL_Driver/Src/stm32f3xx_hal_spi.o
 .text.SPI_WaitFlagStateUntilTimeout.constprop.0
                0x0000000008005d80       0xa4 ./Drivers/STM32F3xx_HAL_Driver/Src/stm32f3xx_hal_spi.o
 .text.SPI_EndRxTxTransaction
                0x0000000008005e24       0x4a ./Drivers/STM32F3xx_HAL_Driver/Src/stm32f3xx_hal_spi.o
 .text.HAL_SPI_Init
                0x0000000008005e6e       0xdc ./Drivers/STM32F3xx_HAL_Driver/Src/stm32f3xx_hal_spi.o
                0x0000000008005e6e                HAL_SPI_Init
 .text.HAL_SPI_Transmit
                0x0000000008005f4a      0x194 ./Drivers/STM32F3xx_HAL_Driver/Src/stm32f3xx_hal_spi.o
                0x0000000008005f4a                HAL_SPI_Transmit
 .text.HAL_SPI_TransmitReceive
                0x00000000080060de      0x25c ./Drivers/STM32F3xx_HAL_Driver/Src/stm32f3xx_hal_spi.o
                0x00000000080060de                HAL_SPI_TransmitReceive
 .text.TIM_DMAError
                0x000000000800633a       0x5a ./Drivers/STM32F3xx_HAL_Driver/Src/stm32f3xx_hal_tim.o
                0x000000000800633a                TIM_DMAError
 .text.TIM_DMADelayPulseCplt
                0x0000000008006394       0x6c ./Drivers/STM32F3xx_HAL_Driver/Src/stm32f3xx_hal_tim.o
 .text.TIM_DMADelayPulseHalfCplt
                0x0000000008006400       0x3a ./Drivers/STM32F3xx_HAL_Driver/Src/stm32f3xx_hal_tim.o
                0x0000000008006400                TIM_DMADelayPulseHalfCplt
 *fill*         0x000000000800643a        0x2 
 .text.TIM_OC1_SetConfig
                0x000000000800643c       0xa8 ./Drivers/STM32F3xx_HAL_Driver/Src/stm32f3xx_hal_tim.o
 .text.TIM_OC3_SetConfig
                0x00000000080064e4       0x98 ./Drivers/STM32F3xx_HAL_Driver/Src/stm32f3xx_hal_tim.o
 .text.TIM_OC4_SetConfig
                0x000000000800657c       0x70 ./Drivers/STM32F3xx_HAL_Driver/Src/stm32f3xx_hal_tim.o
 .text.TIM_OC5_SetConfig
                0x00000000080065ec       0x70 ./Drivers/STM32F3xx_HAL_Driver/Src/stm32f3xx_hal_tim.o
 .text.TIM_OC6_SetConfig
                0x000000000800665c       0x70 ./Drivers/STM32F3xx_HAL_Driver/Src/stm32f3xx_hal_tim.o
 .text.HAL_TIM_PWM_MspInit
                0x00000000080066cc        0x2 ./Drivers/STM32F3xx_HAL_Driver/Src/stm32f3xx_hal_tim.o
                0x00000000080066cc                HAL_TIM_PWM_MspInit
 .text.HAL_TIM_PeriodElapsedHalfCpltCallback
                0x00000000080066ce        0x2 ./Drivers/STM32F3xx_HAL_Driver/Src/stm32f3xx_hal_tim.o
                0x00000000080066ce                HAL_TIM_PeriodElapsedHalfCpltCallback
 .text.HAL_TIM_OC_DelayElapsedCallback
                0x00000000080066d0        0x2 ./Drivers/STM32F3xx_HAL_Driver/Src/stm32f3xx_hal_tim.o
                0x00000000080066d0                HAL_TIM_OC_DelayElapsedCallback
 .text.HAL_TIM_IC_CaptureCallback
                0x00000000080066d2        0x2 ./Drivers/STM32F3xx_HAL_Driver/Src/stm32f3xx_hal_tim.o
                0x00000000080066d2                HAL_TIM_IC_CaptureCallback
 .text.HAL_TIM_IC_CaptureHalfCpltCallback
                0x00000000080066d4        0x2 ./Drivers/STM32F3xx_HAL_Driver/Src/stm32f3xx_hal_tim.o
                0x00000000080066d4                HAL_TIM_IC_CaptureHalfCpltCallback
 .text.HAL_TIM_PWM_PulseFinishedCallback
                0x00000000080066d6        0x2 ./Drivers/STM32F3xx_HAL_Driver/Src/stm32f3xx_hal_tim.o
                0x00000000080066d6                HAL_TIM_PWM_PulseFinishedCallback
 .text.HAL_TIM_PWM_PulseFinishedHalfCpltCallback
                0x00000000080066d8        0x2 ./Drivers/STM32F3xx_HAL_Driver/Src/stm32f3xx_hal_tim.o
                0x00000000080066d8                HAL_TIM_PWM_PulseFinishedHalfCpltCallback
 .text.HAL_TIM_TriggerCallback
                0x00000000080066da        0x2 ./Drivers/STM32F3xx_HAL_Driver/Src/stm32f3xx_hal_tim.o
                0x00000000080066da                HAL_TIM_TriggerCallback
 .text.HAL_TIM_TriggerHalfCpltCallback
                0x00000000080066dc        0x2 ./Drivers/STM32F3xx_HAL_Driver/Src/stm32f3xx_hal_tim.o
                0x00000000080066dc                HAL_TIM_TriggerHalfCpltCallback
 .text.HAL_TIM_ErrorCallback
                0x00000000080066de        0x2 ./Drivers/STM32F3xx_HAL_Driver/Src/stm32f3xx_hal_tim.o
                0x00000000080066de                HAL_TIM_ErrorCallback
 .text.HAL_TIM_Base_Start
                0x00000000080066e0       0x6c ./Drivers/STM32F3xx_HAL_Driver/Src/stm32f3xx_hal_tim.o
                0x00000000080066e0                HAL_TIM_Base_Start
 .text.HAL_TIM_Base_Start_IT
                0x000000000800674c       0x74 ./Drivers/STM32F3xx_HAL_Driver/Src/stm32f3xx_hal_tim.o
                0x000000000800674c                HAL_TIM_Base_Start_IT
 .text.HAL_TIM_IRQHandler
                0x00000000080067c0      0x17a ./Drivers/STM32F3xx_HAL_Driver/Src/stm32f3xx_hal_tim.o
                0x00000000080067c0                HAL_TIM_IRQHandler
 *fill*         0x000000000800693a        0x2 
 .text.TIM_Base_SetConfig
                0x000000000800693c       0xd4 ./Drivers/STM32F3xx_HAL_Driver/Src/stm32f3xx_hal_tim.o
                0x000000000800693c                TIM_Base_SetConfig
 .text.TIM_OC2_SetConfig
                0x0000000008006a10       0x9c ./Drivers/STM32F3xx_HAL_Driver/Src/stm32f3xx_hal_tim.o
                0x0000000008006a10                TIM_OC2_SetConfig
 .text.HAL_TIM_PWM_ConfigChannel
                0x0000000008006aac       0xfa ./Drivers/STM32F3xx_HAL_Driver/Src/stm32f3xx_hal_tim.o
                0x0000000008006aac                HAL_TIM_PWM_ConfigChannel
 .text.TIM_ETR_SetConfig
                0x0000000008006ba6       0x14 ./Drivers/STM32F3xx_HAL_Driver/Src/stm32f3xx_hal_tim.o
                0x0000000008006ba6                TIM_ETR_SetConfig
 *fill*         0x0000000008006bba        0x2 
 .text.HAL_TIM_ConfigClockSource
                0x0000000008006bbc      0x134 ./Drivers/STM32F3xx_HAL_Driver/Src/stm32f3xx_hal_tim.o
                0x0000000008006bbc                HAL_TIM_ConfigClockSource
 .text.TIM_CCxChannelCmd
                0x0000000008006cf0       0x1c ./Drivers/STM32F3xx_HAL_Driver/Src/stm32f3xx_hal_tim.o
                0x0000000008006cf0                TIM_CCxChannelCmd
 .text.HAL_TIM_OC_Start
                0x0000000008006d0c      0x128 ./Drivers/STM32F3xx_HAL_Driver/Src/stm32f3xx_hal_tim.o
                0x0000000008006d0c                HAL_TIM_OC_Start
 .text.HAL_TIM_PWM_Start
                0x0000000008006e34        0x4 ./Drivers/STM32F3xx_HAL_Driver/Src/stm32f3xx_hal_tim.o
                0x0000000008006e34                HAL_TIM_PWM_Start
 .text.HAL_TIM_OC_Start_IT
                0x0000000008006e38      0x150 ./Drivers/STM32F3xx_HAL_Driver/Src/stm32f3xx_hal_tim.o
                0x0000000008006e38                HAL_TIM_OC_Start_IT
 .text.HAL_TIM_PWM_Start_IT
                0x0000000008006f88        0x4 ./Drivers/STM32F3xx_HAL_Driver/Src/stm32f3xx_hal_tim.o
                0x0000000008006f88                HAL_TIM_PWM_Start_IT
 .text.HAL_TIM_OC_Start_DMA
                0x0000000008006f8c      0x224 ./Drivers/STM32F3xx_HAL_Driver/Src/stm32f3xx_hal_tim.o
                0x0000000008006f8c                HAL_TIM_OC_Start_DMA
 .text.HAL_TIM_PWM_Start_DMA
                0x00000000080071b0        0x4 ./Drivers/STM32F3xx_HAL_Driver/Src/stm32f3xx_hal_tim.o
                0x00000000080071b0                HAL_TIM_PWM_Start_DMA
 .text.TIM_ResetCallback
                0x00000000080071b4       0x90 ./Drivers/STM32F3xx_HAL_Driver/Src/stm32f3xx_hal_tim.o
                0x00000000080071b4                TIM_ResetCallback
 .text.HAL_TIM_Base_Init
                0x0000000008007244       0x74 ./Drivers/STM32F3xx_HAL_Driver/Src/stm32f3xx_hal_tim.o
                0x0000000008007244                HAL_TIM_Base_Init
 .text.HAL_TIM_PWM_Init
                0x00000000080072b8       0x74 ./Drivers/STM32F3xx_HAL_Driver/Src/stm32f3xx_hal_tim.o
                0x00000000080072b8                HAL_TIM_PWM_Init
 .text.TIM_CCxNChannelCmd
                0x000000000800732c       0x1c ./Drivers/STM32F3xx_HAL_Driver/Src/stm32f3xx_hal_tim_ex.o
 .text.HAL_TIMEx_OCN_Start
                0x0000000008007348       0xb8 ./Drivers/STM32F3xx_HAL_Driver/Src/stm32f3xx_hal_tim_ex.o
                0x0000000008007348                HAL_TIMEx_OCN_Start
 .text.HAL_TIMEx_PWMN_Start
                0x0000000008007400        0x4 ./Drivers/STM32F3xx_HAL_Driver/Src/stm32f3xx_hal_tim_ex.o
                0x0000000008007400                HAL_TIMEx_PWMN_Start
 .text.HAL_TIMEx_MasterConfigSynchronization
                0x0000000008007404       0x94 ./Drivers/STM32F3xx_HAL_Driver/Src/stm32f3xx_hal_tim_ex.o
                0x0000000008007404                HAL_TIMEx_MasterConfigSynchronization
 .text.HAL_TIMEx_ConfigBreakDeadTime
                0x0000000008007498       0x8c ./Drivers/STM32F3xx_HAL_Driver/Src/stm32f3xx_hal_tim_ex.o
                0x0000000008007498                HAL_TIMEx_ConfigBreakDeadTime
 .text.HAL_TIMEx_CommutCallback
                0x0000000008007524        0x2 ./Drivers/STM32F3xx_HAL_Driver/Src/stm32f3xx_hal_tim_ex.o
                0x0000000008007524                HAL_TIMEx_CommutCallback
 .text.HAL_TIMEx_CommutHalfCpltCallback
                0x0000000008007526        0x2 ./Drivers/STM32F3xx_HAL_Driver/Src/stm32f3xx_hal_tim_ex.o
                0x0000000008007526                HAL_TIMEx_CommutHalfCpltCallback
 .text.HAL_TIMEx_BreakCallback
                0x0000000008007528        0x2 ./Drivers/STM32F3xx_HAL_Driver/Src/stm32f3xx_hal_tim_ex.o
                0x0000000008007528                HAL_TIMEx_BreakCallback
 .text.HAL_TIMEx_Break2Callback
                0x000000000800752a        0x2 ./Drivers/STM32F3xx_HAL_Driver/Src/stm32f3xx_hal_tim_ex.o
                0x000000000800752a                HAL_TIMEx_Break2Callback
 .text.UART_EndRxTransfer
                0x000000000800752c       0x50 ./Drivers/STM32F3xx_HAL_Driver/Src/stm32f3xx_hal_uart.o
 .text.UART_SetConfig
                0x000000000800757c      0x204 ./Drivers/STM32F3xx_HAL_Driver/Src/stm32f3xx_hal_uart.o
                0x000000000800757c                UART_SetConfig
 .text.UART_AdvFeatureConfig
                0x0000000008007780       0xa8 ./Drivers/STM32F3xx_HAL_Driver/Src/stm32f3xx_hal_uart.o
                0x0000000008007780                UART_AdvFeatureConfig
 .text.UART_WaitOnFlagUntilTimeout
                0x0000000008007828       0x88 ./Drivers/STM32F3xx_HAL_Driver/Src/stm32f3xx_hal_uart.o
                0x0000000008007828                UART_WaitOnFlagUntilTimeout
 .text.UART_CheckIdleState
                0x00000000080078b0       0xb4 ./Drivers/STM32F3xx_HAL_Driver/Src/stm32f3xx_hal_uart.o
                0x00000000080078b0                UART_CheckIdleState
 .text.HAL_UART_Init
                0x0000000008007964       0x5c ./Drivers/STM32F3xx_HAL_Driver/Src/stm32f3xx_hal_uart.o
                0x0000000008007964                HAL_UART_Init
 .text.USB_EnableGlobalInt
                0x00000000080079c0       0x12 ./Drivers/STM32F3xx_HAL_Driver/Src/stm32f3xx_ll_usb.o
                0x00000000080079c0                USB_EnableGlobalInt
 .text.USB_DisableGlobalInt
                0x00000000080079d2       0x14 ./Drivers/STM32F3xx_HAL_Driver/Src/stm32f3xx_ll_usb.o
                0x00000000080079d2                USB_DisableGlobalInt
 .text.USB_DevInit
                0x00000000080079e6       0x28 ./Drivers/STM32F3xx_HAL_Driver/Src/stm32f3xx_ll_usb.o
                0x00000000080079e6                USB_DevInit
 *fill*         0x0000000008007a0e        0x2 
 .text.USB_ActivateEndpoint
                0x0000000008007a10      0x2c8 ./Drivers/STM32F3xx_HAL_Driver/Src/stm32f3xx_ll_usb.o
                0x0000000008007a10                USB_ActivateEndpoint
 .text.USB_DeactivateEndpoint
                0x0000000008007cd8      0x1a6 ./Drivers/STM32F3xx_HAL_Driver/Src/stm32f3xx_ll_usb.o
                0x0000000008007cd8                USB_DeactivateEndpoint
 .text.USB_EPSetStall
                0x0000000008007e7e       0x40 ./Drivers/STM32F3xx_HAL_Driver/Src/stm32f3xx_ll_usb.o
                0x0000000008007e7e                USB_EPSetStall
 .text.USB_EPClearStall
                0x0000000008007ebe       0x92 ./Drivers/STM32F3xx_HAL_Driver/Src/stm32f3xx_ll_usb.o
                0x0000000008007ebe                USB_EPClearStall
 .text.USB_SetDevAddress
                0x0000000008007f50        0xc ./Drivers/STM32F3xx_HAL_Driver/Src/stm32f3xx_ll_usb.o
                0x0000000008007f50                USB_SetDevAddress
 .text.USB_DevConnect
                0x0000000008007f5c        0x4 ./Drivers/STM32F3xx_HAL_Driver/Src/stm32f3xx_ll_usb.o
                0x0000000008007f5c                USB_DevConnect
 .text.USB_ReadInterrupts
                0x0000000008007f60        0x8 ./Drivers/STM32F3xx_HAL_Driver/Src/stm32f3xx_ll_usb.o
                0x0000000008007f60                USB_ReadInterrupts
 .text.USB_WritePMA
                0x0000000008007f68       0x1e ./Drivers/STM32F3xx_HAL_Driver/Src/stm32f3xx_ll_usb.o
                0x0000000008007f68                USB_WritePMA
 .text.USB_EPStartXfer
                0x0000000008007f86      0x480 ./Drivers/STM32F3xx_HAL_Driver/Src/stm32f3xx_ll_usb.o
                0x0000000008007f86                USB_EPStartXfer
 .text.USB_ReadPMA
                0x0000000008008406       0x36 ./Drivers/STM32F3xx_HAL_Driver/Src/stm32f3xx_ll_usb.o
                0x0000000008008406                USB_ReadPMA
 .text.MX_FATFS_Init
                0x000000000800843c       0x1c ./FATFS/App/fatfs.o
                0x000000000800843c                MX_FATFS_Init
 .text.get_fattime
                0x0000000008008458        0x4 ./FATFS/App/fatfs.o
                0x0000000008008458                get_fattime
 .text.SD_ReadyWait
                0x000000000800845c       0x20 ./FATFS/Target/fatfs_sd.o
                0x000000000800845c                SD_ReadyWait
 .text.SD_PowerOn
                0x000000000800847c       0x70 ./FATFS/Target/fatfs_sd.o
                0x000000000800847c                SD_PowerOn
 .text.SD_RxDataBlock
                0x00000000080084ec       0x4c ./FATFS/Target/fatfs_sd.o
                0x00000000080084ec                SD_RxDataBlock
 .text.SD_TxDataBlock
                0x0000000008008538       0x70 ./FATFS/Target/fatfs_sd.o
                0x0000000008008538                SD_TxDataBlock
 .text.SD_SendCmd
                0x00000000080085a8       0x64 ./FATFS/Target/fatfs_sd.o
                0x00000000080085a8                SD_SendCmd
 .text.SD_disk_read
                0x000000000800860c       0xa0 ./FATFS/Target/fatfs_sd.o
                0x000000000800860c                SD_disk_read
 .text.SD_disk_write
                0x00000000080086ac       0xc0 ./FATFS/Target/fatfs_sd.o
                0x00000000080086ac                SD_disk_write
 .text.SD_disk_ioctl
                0x000000000800876c      0x158 ./FATFS/Target/fatfs_sd.o
                0x000000000800876c                SD_disk_ioctl
 .text.USER_initialize
                0x00000000080088c4        0x4 ./FATFS/Target/user_diskio.o
                0x00000000080088c4                USER_initialize
 .text.USER_status
                0x00000000080088c8        0x4 ./FATFS/Target/user_diskio.o
                0x00000000080088c8                USER_status
 .text.USER_read
                0x00000000080088cc        0x4 ./FATFS/Target/user_diskio.o
                0x00000000080088cc                USER_read
 .text.USER_write
                0x00000000080088d0        0x4 ./FATFS/Target/user_diskio.o
                0x00000000080088d0                USER_write
 .text.USER_ioctl
                0x00000000080088d4        0x4 ./FATFS/Target/user_diskio.o
                0x00000000080088d4                USER_ioctl
 .text.SPI_Timer_On
                0x00000000080088d8       0x1c ./FATFS/Target/user_diskio_spi.o
                0x00000000080088d8                SPI_Timer_On
 .text.SPI_Timer_Status
                0x00000000080088f4       0x24 ./FATFS/Target/user_diskio_spi.o
                0x00000000080088f4                SPI_Timer_Status
 .text.xchg_spi
                0x0000000008008918       0x28 ./FATFS/Target/user_diskio_spi.o
                0x0000000008008918                xchg_spi
 .text.wait_ready
                0x0000000008008940       0x2a ./FATFS/Target/user_diskio_spi.o
                0x0000000008008940                wait_ready
 *fill*         0x000000000800896a        0x2 
 .text.despiselect
                0x000000000800896c       0x1c ./FATFS/Target/user_diskio_spi.o
                0x000000000800896c                despiselect
 .text.spiselect
                0x0000000008008988       0x30 ./FATFS/Target/user_diskio_spi.o
                0x0000000008008988                spiselect
 .text.send_cmd
                0x00000000080089b8       0x84 ./FATFS/Target/user_diskio_spi.o
                0x00000000080089b8                send_cmd
 .text.USER_SPI_initialize
                0x0000000008008a3c      0x144 ./FATFS/Target/user_diskio_spi.o
                0x0000000008008a3c                USER_SPI_initialize
 .text.USER_SPI_status
                0x0000000008008b80       0x10 ./FATFS/Target/user_diskio_spi.o
                0x0000000008008b80                USER_SPI_status
 .text.ILI9341_SPI_Send
                0x0000000008008b90       0x20 ./ILI9341/ILI9341_Driver.o
                0x0000000008008b90                ILI9341_SPI_Send
 .text.ILI9341_Send_Command
                0x0000000008008bb0       0x50 ./ILI9341/ILI9341_Driver.o
 .text.ILI9341_Send_Data
                0x0000000008008c00       0x50 ./ILI9341/ILI9341_Driver.o
 .text.ILI9341_Reset
                0x0000000008008c50       0x54 ./ILI9341/ILI9341_Driver.o
                0x0000000008008c50                ILI9341_Reset
 .text.ILI9341_Init
                0x0000000008008ca4      0x258 ./ILI9341/ILI9341_Driver.o
                0x0000000008008ca4                ILI9341_Init
 .text.ILI9341_Set_Rotation
                0x0000000008008efc       0x7c ./ILI9341/ILI9341_Driver.o
                0x0000000008008efc                ILI9341_Set_Rotation
 .text.ILI9341_Set_Address
                0x0000000008008f78       0xc0 ./ILI9341/ILI9341_Driver.o
                0x0000000008008f78                ILI9341_Set_Address
 .text.ILI9341_Draw_Pixel
                0x0000000008009038       0x70 ./ILI9341/ILI9341_Driver.o
                0x0000000008009038                ILI9341_Draw_Pixel
 .text.ILI9341_Draw_Circle
                0x00000000080090a8      0x2f8 ./ILI9341/ILI9341_Driver.o
                0x00000000080090a8                ILI9341_Draw_Circle
 .text.ILI9341_Draw_Char
                0x00000000080093a0      0x1cc ./ILI9341/ILI9341_Driver.o
                0x00000000080093a0                ILI9341_Draw_Char
 .text.ILI9341_Draw_String
                0x000000000800956c      0x110 ./ILI9341/ILI9341_Driver.o
                0x000000000800956c                ILI9341_Draw_String
 .text.USBD_CDC_EP0_RxReady
                0x000000000800967c       0x28 ./Middlewares/ST/STM32_USB_Device_Library/Class/CDC/Src/usbd_cdc.o
 .text.USBD_CDC_GetFSCfgDesc
                0x00000000080096a4        0xc ./Middlewares/ST/STM32_USB_Device_Library/Class/CDC/Src/usbd_cdc.o
 .text.USBD_CDC_GetHSCfgDesc
                0x00000000080096b0        0xc ./Middlewares/ST/STM32_USB_Device_Library/Class/CDC/Src/usbd_cdc.o
 .text.USBD_CDC_GetOtherSpeedCfgDesc
                0x00000000080096bc        0xc ./Middlewares/ST/STM32_USB_Device_Library/Class/CDC/Src/usbd_cdc.o
 .text.USBD_CDC_GetDeviceQualifierDescriptor
                0x00000000080096c8        0xc ./Middlewares/ST/STM32_USB_Device_Library/Class/CDC/Src/usbd_cdc.o
                0x00000000080096c8                USBD_CDC_GetDeviceQualifierDescriptor
 .text.USBD_CDC_DataOut
                0x00000000080096d4       0x2e ./Middlewares/ST/STM32_USB_Device_Library/Class/CDC/Src/usbd_cdc.o
 .text.USBD_CDC_DataIn
                0x0000000008009702       0x42 ./Middlewares/ST/STM32_USB_Device_Library/Class/CDC/Src/usbd_cdc.o
 .text.USBD_CDC_Setup
                0x0000000008009744       0xb6 ./Middlewares/ST/STM32_USB_Device_Library/Class/CDC/Src/usbd_cdc.o
 .text.USBD_CDC_DeInit
                0x00000000080097fa       0x42 ./Middlewares/ST/STM32_USB_Device_Library/Class/CDC/Src/usbd_cdc.o
 .text.USBD_CDC_Init
                0x000000000800983c       0xa0 ./Middlewares/ST/STM32_USB_Device_Library/Class/CDC/Src/usbd_cdc.o
 .text.USBD_CDC_RegisterInterface
                0x00000000080098dc        0xe ./Middlewares/ST/STM32_USB_Device_Library/Class/CDC/Src/usbd_cdc.o
                0x00000000080098dc                USBD_CDC_RegisterInterface
 .text.USBD_CDC_SetTxBuffer
                0x00000000080098ea       0x10 ./Middlewares/ST/STM32_USB_Device_Library/Class/CDC/Src/usbd_cdc.o
                0x00000000080098ea                USBD_CDC_SetTxBuffer
 .text.USBD_CDC_SetRxBuffer
                0x00000000080098fa        0xc ./Middlewares/ST/STM32_USB_Device_Library/Class/CDC/Src/usbd_cdc.o
                0x00000000080098fa                USBD_CDC_SetRxBuffer
 .text.USBD_CDC_ReceivePacket
                0x0000000008009906       0x2e ./Middlewares/ST/STM32_USB_Device_Library/Class/CDC/Src/usbd_cdc.o
                0x0000000008009906                USBD_CDC_ReceivePacket
 .text.USBD_Init
                0x0000000008009934       0x2a ./Middlewares/ST/STM32_USB_Device_Library/Core/Src/usbd_core.o
                0x0000000008009934                USBD_Init
 .text.USBD_RegisterClass
                0x000000000800995e        0xe ./Middlewares/ST/STM32_USB_Device_Library/Core/Src/usbd_core.o
                0x000000000800995e                USBD_RegisterClass
 .text.USBD_Start
                0x000000000800996c        0xa ./Middlewares/ST/STM32_USB_Device_Library/Core/Src/usbd_core.o
                0x000000000800996c                USBD_Start
 .text.USBD_SetClassConfig
                0x0000000008009976       0x1a ./Middlewares/ST/STM32_USB_Device_Library/Core/Src/usbd_core.o
                0x0000000008009976                USBD_SetClassConfig
 .text.USBD_ClrClassConfig
                0x0000000008009990        0xe ./Middlewares/ST/STM32_USB_Device_Library/Core/Src/usbd_core.o
                0x0000000008009990                USBD_ClrClassConfig
 .text.USBD_LL_SetupStage
                0x000000000800999e       0x5a ./Middlewares/ST/STM32_USB_Device_Library/Core/Src/usbd_core.o
                0x000000000800999e                USBD_LL_SetupStage
 .text.USBD_LL_DataOutStage
                0x00000000080099f8       0x74 ./Middlewares/ST/STM32_USB_Device_Library/Core/Src/usbd_core.o
                0x00000000080099f8                USBD_LL_DataOutStage
 .text.USBD_LL_DataInStage
                0x0000000008009a6c       0xb6 ./Middlewares/ST/STM32_USB_Device_Library/Core/Src/usbd_core.o
                0x0000000008009a6c                USBD_LL_DataInStage
 .text.USBD_LL_Reset
                0x0000000008009b22       0x4e ./Middlewares/ST/STM32_USB_Device_Library/Core/Src/usbd_core.o
                0x0000000008009b22                USBD_LL_Reset
 .text.USBD_LL_SetSpeed
                0x0000000008009b70        0x6 ./Middlewares/ST/STM32_USB_Device_Library/Core/Src/usbd_core.o
                0x0000000008009b70                USBD_LL_SetSpeed
 .text.USBD_LL_Suspend
                0x0000000008009b76       0x12 ./Middlewares/ST/STM32_USB_Device_Library/Core/Src/usbd_core.o
                0x0000000008009b76                USBD_LL_Suspend
 .text.USBD_LL_Resume
                0x0000000008009b88       0x14 ./Middlewares/ST/STM32_USB_Device_Library/Core/Src/usbd_core.o
                0x0000000008009b88                USBD_LL_Resume
 .text.USBD_LL_SOF
                0x0000000008009b9c       0x18 ./Middlewares/ST/STM32_USB_Device_Library/Core/Src/usbd_core.o
                0x0000000008009b9c                USBD_LL_SOF
 .text.USBD_CtlError.constprop.0
                0x0000000008009bb4       0x16 ./Middlewares/ST/STM32_USB_Device_Library/Core/Src/usbd_ctlreq.o
 *fill*         0x0000000008009bca        0x2 
 .text.USBD_StdDevReq
                0x0000000008009bcc      0x250 ./Middlewares/ST/STM32_USB_Device_Library/Core/Src/usbd_ctlreq.o
                0x0000000008009bcc                USBD_StdDevReq
 .text.USBD_StdItfReq
                0x0000000008009e1c       0x48 ./Middlewares/ST/STM32_USB_Device_Library/Core/Src/usbd_ctlreq.o
                0x0000000008009e1c                USBD_StdItfReq
 .text.USBD_StdEPReq
                0x0000000008009e64      0x110 ./Middlewares/ST/STM32_USB_Device_Library/Core/Src/usbd_ctlreq.o
                0x0000000008009e64                USBD_StdEPReq
 .text.USBD_ParseSetupRequest
                0x0000000008009f74       0x28 ./Middlewares/ST/STM32_USB_Device_Library/Core/Src/usbd_ctlreq.o
                0x0000000008009f74                USBD_ParseSetupRequest
 .text.USBD_CtlError
                0x0000000008009f9c       0x16 ./Middlewares/ST/STM32_USB_Device_Library/Core/Src/usbd_ctlreq.o
                0x0000000008009f9c                USBD_CtlError
 .text.USBD_GetString
                0x0000000008009fb2       0x38 ./Middlewares/ST/STM32_USB_Device_Library/Core/Src/usbd_ctlreq.o
                0x0000000008009fb2                USBD_GetString
 .text.USBD_CtlSendData
                0x0000000008009fea       0x1a ./Middlewares/ST/STM32_USB_Device_Library/Core/Src/usbd_ioreq.o
                0x0000000008009fea                USBD_CtlSendData
 .text.USBD_CtlContinueSendData
                0x000000000800a004       0x10 ./Middlewares/ST/STM32_USB_Device_Library/Core/Src/usbd_ioreq.o
                0x000000000800a004                USBD_CtlContinueSendData
 .text.USBD_CtlPrepareRx
                0x000000000800a014       0x1a ./Middlewares/ST/STM32_USB_Device_Library/Core/Src/usbd_ioreq.o
                0x000000000800a014                USBD_CtlPrepareRx
 .text.USBD_CtlContinueRx
                0x000000000800a02e       0x10 ./Middlewares/ST/STM32_USB_Device_Library/Core/Src/usbd_ioreq.o
                0x000000000800a02e                USBD_CtlContinueRx
 .text.USBD_CtlSendStatus
                0x000000000800a03e       0x16 ./Middlewares/ST/STM32_USB_Device_Library/Core/Src/usbd_ioreq.o
                0x000000000800a03e                USBD_CtlSendStatus
 .text.USBD_CtlReceiveStatus
                0x000000000800a054       0x16 ./Middlewares/ST/STM32_USB_Device_Library/Core/Src/usbd_ioreq.o
                0x000000000800a054                USBD_CtlReceiveStatus
 *fill*         0x000000000800a06a        0x2 
 .text.disk_status
                0x000000000800a06c       0x14 ./Middlewares/Third_Party/FatFs/src/diskio.o
                0x000000000800a06c                disk_status
 .text.disk_initialize
                0x000000000800a080       0x20 ./Middlewares/Third_Party/FatFs/src/diskio.o
                0x000000000800a080                disk_initialize
 .text.disk_read
                0x000000000800a0a0       0x1c ./Middlewares/Third_Party/FatFs/src/diskio.o
                0x000000000800a0a0                disk_read
 .text.disk_write
                0x000000000800a0bc       0x1c ./Middlewares/Third_Party/FatFs/src/diskio.o
                0x000000000800a0bc                disk_write
 .text.disk_ioctl
                0x000000000800a0d8       0x1c ./Middlewares/Third_Party/FatFs/src/diskio.o
                0x000000000800a0d8                disk_ioctl
 .text.mem_cpy  0x000000000800a0f4       0x14 ./Middlewares/Third_Party/FatFs/src/ff.o
 .text.mem_set  0x000000000800a108        0xe ./Middlewares/Third_Party/FatFs/src/ff.o
 *fill*         0x000000000800a116        0x2 
 .text.chk_lock
                0x000000000800a118       0x64 ./Middlewares/Third_Party/FatFs/src/ff.o
 .text.inc_lock
                0x000000000800a17c       0x90 ./Middlewares/Third_Party/FatFs/src/ff.o
 .text.dec_lock
                0x000000000800a20c       0x40 ./Middlewares/Third_Party/FatFs/src/ff.o
 .text.clear_lock
                0x000000000800a24c       0x20 ./Middlewares/Third_Party/FatFs/src/ff.o
 .text.clmt_clust
                0x000000000800a26c       0x28 ./Middlewares/Third_Party/FatFs/src/ff.o
 .text.sum_sfn  0x000000000800a294       0x1e ./Middlewares/Third_Party/FatFs/src/ff.o
 .text.get_ldnumber
                0x000000000800a2b2       0x30 ./Middlewares/Third_Party/FatFs/src/ff.o
 .text.validate
                0x000000000800a2e2       0x2e ./Middlewares/Third_Party/FatFs/src/ff.o
 .text.sync_window.part.0
                0x000000000800a310       0x54 ./Middlewares/Third_Party/FatFs/src/ff.o
 .text.sync_window
                0x000000000800a364        0xe ./Middlewares/Third_Party/FatFs/src/ff.o
 .text.move_window
                0x000000000800a372       0x36 ./Middlewares/Third_Party/FatFs/src/ff.o
 .text.check_fs
                0x000000000800a3a8       0x50 ./Middlewares/Third_Party/FatFs/src/ff.o
 .text.find_volume
                0x000000000800a3f8      0x23c ./Middlewares/Third_Party/FatFs/src/ff.o
 .text.sync_fs  0x000000000800a634       0x84 ./Middlewares/Third_Party/FatFs/src/ff.o
 .text.ld_clust.isra.0
                0x000000000800a6b8       0x10 ./Middlewares/Third_Party/FatFs/src/ff.o
 .text.clust2sect
                0x000000000800a6c8       0x1c ./Middlewares/Third_Party/FatFs/src/ff.o
                0x000000000800a6c8                clust2sect
 .text.get_fat  0x000000000800a6e4       0xc4 ./Middlewares/Third_Party/FatFs/src/ff.o
                0x000000000800a6e4                get_fat
 .text.dir_sdi  0x000000000800a7a8       0x9e ./Middlewares/Third_Party/FatFs/src/ff.o
 .text.put_fat  0x000000000800a846       0xf4 ./Middlewares/Third_Party/FatFs/src/ff.o
                0x000000000800a846                put_fat
 .text.create_chain
                0x000000000800a93a       0xb2 ./Middlewares/Third_Party/FatFs/src/ff.o
 .text.dir_next
                0x000000000800a9ec      0x116 ./Middlewares/Third_Party/FatFs/src/ff.o
 *fill*         0x000000000800ab02        0x2 
 .text.dir_find
                0x000000000800ab04      0x144 ./Middlewares/Third_Party/FatFs/src/ff.o
 .text.follow_path
                0x000000000800ac48      0x254 ./Middlewares/Third_Party/FatFs/src/ff.o
 .text.dir_register
                0x000000000800ae9c      0x278 ./Middlewares/Third_Party/FatFs/src/ff.o
 .text.remove_chain
                0x000000000800b114       0x68 ./Middlewares/Third_Party/FatFs/src/ff.o
 .text.f_mount  0x000000000800b17c       0x54 ./Middlewares/Third_Party/FatFs/src/ff.o
                0x000000000800b17c                f_mount
 .text.f_open   0x000000000800b1d0      0x19c ./Middlewares/Third_Party/FatFs/src/ff.o
                0x000000000800b1d0                f_open
 .text.f_read   0x000000000800b36c      0x18e ./Middlewares/Third_Party/FatFs/src/ff.o
                0x000000000800b36c                f_read
 .text.f_sync   0x000000000800b4fa       0xc2 ./Middlewares/Third_Party/FatFs/src/ff.o
                0x000000000800b4fa                f_sync
 .text.f_close  0x000000000800b5bc       0x22 ./Middlewares/Third_Party/FatFs/src/ff.o
                0x000000000800b5bc                f_close
 .text.f_lseek  0x000000000800b5de      0x294 ./Middlewares/Third_Party/FatFs/src/ff.o
                0x000000000800b5de                f_lseek
 *fill*         0x000000000800b872        0x2 
 .text.FATFS_LinkDriverEx
                0x000000000800b874       0x44 ./Middlewares/Third_Party/FatFs/src/ff_gen_drv.o
                0x000000000800b874                FATFS_LinkDriverEx
 .text.FATFS_LinkDriver
                0x000000000800b8b8        0x6 ./Middlewares/Third_Party/FatFs/src/ff_gen_drv.o
                0x000000000800b8b8                FATFS_LinkDriver
 *fill*         0x000000000800b8be        0x2 
 .text.ff_convert
                0x000000000800b8c0       0x38 ./Middlewares/Third_Party/FatFs/src/option/ccsbcs.o
                0x000000000800b8c0                ff_convert
 .text.ff_wtoupper
                0x000000000800b8f8       0x24 ./Middlewares/Third_Party/FatFs/src/option/ccsbcs.o
                0x000000000800b8f8                ff_wtoupper
 .text.f_PEL_open
                0x000000000800b91c       0x78 ./Recursos/Recursos.o
                0x000000000800b91c                f_PEL_open
 .text.f_PIC_open
                0x000000000800b994       0x48 ./Recursos/Recursos.o
                0x000000000800b994                f_PIC_open
 .text.f_PIC    0x000000000800b9dc      0x1b0 ./Recursos/Recursos.o
                0x000000000800b9dc                f_PIC
 .text.f_PEL    0x000000000800bb8c       0x1c ./Recursos/Recursos.o
                0x000000000800bb8c                f_PEL
 .text.f_TECLADO_ALFA_fondo
                0x000000000800bba8       0xf4 ./Recursos/Recursos.o
                0x000000000800bba8                f_TECLADO_ALFA_fondo
 .text.f_TECLADO_ALFA_open
                0x000000000800bc9c       0x84 ./Recursos/Recursos.o
                0x000000000800bc9c                f_TECLADO_ALFA_open
 .text.f_TECLADO_ALFA_Input
                0x000000000800bd20      0x2d8 ./Recursos/Recursos.o
                0x000000000800bd20                f_TECLADO_ALFA_Input
 .text.BCO_Activo
                0x000000000800bff8       0x78 ./Recursos/Recursos.o
                0x000000000800bff8                BCO_Activo
 .text.CHECK_CIRC
                0x000000000800c070       0x94 ./Recursos/Recursos.o
                0x000000000800c070                CHECK_CIRC
 .text.CHECK_CIRC_Activo
                0x000000000800c104       0x38 ./Recursos/Recursos.o
                0x000000000800c104                CHECK_CIRC_Activo
 .text.SPI_TransmitReceive
                0x000000000800c13c       0x14 ./Recursos/Recursos.o
                0x000000000800c13c                SPI_TransmitReceive
 .text.SPI_TxByte
                0x000000000800c150        0xc ./Recursos/Recursos.o
                0x000000000800c150                SPI_TxByte
 .text.SPI_RxByte
                0x000000000800c15c        0xc ./Recursos/Recursos.o
                0x000000000800c15c                SPI_RxByte
 .text.SPI_RxBytePtr
                0x000000000800c168        0xc ./Recursos/Recursos.o
                0x000000000800c168                SPI_RxBytePtr
 .text.f_BMP    0x000000000800c174      0x1e0 ./Recursos/Recursos.o
                0x000000000800c174                f_BMP
 .text.FillReg  0x000000000800c354       0xbc ./Recursos/Recursos.o
                0x000000000800c354                FillReg
 .text.BOW      0x000000000800c410      0x310 ./Recursos/Recursos.o
                0x000000000800c410                BOW
 .text.Encabezamiento3
                0x000000000800c720       0x46 ./Recursos/Recursos.o
                0x000000000800c720                Encabezamiento3
 *fill*         0x000000000800c766        0x2 
 .text.GraficarOSC
                0x000000000800c768      0x2d0 ./Recursos/Recursos.o
                0x000000000800c768                GraficarOSC
 .text.FondoTeclas
                0x000000000800ca38       0x1c ./Recursos/Recursos.o
                0x000000000800ca38                FondoTeclas
 .text.FondoCompletoAzul
                0x000000000800ca54       0x1c ./Recursos/Recursos.o
                0x000000000800ca54                FondoCompletoAzul
 .text.DPMChico
                0x000000000800ca70       0xb0 ./Recursos/Recursos.o
                0x000000000800ca70                DPMChico
 .text.BOW_Activo
                0x000000000800cb20       0x38 ./Recursos/Recursos.o
                0x000000000800cb20                BOW_Activo
 .text.BOT_Activo
                0x000000000800cb58       0x40 ./Recursos/Recursos.o
                0x000000000800cb58                BOT_Activo
 .text.LeerFlashAbs
                0x000000000800cb98       0x18 ./Recursos/Recursos.o
                0x000000000800cb98                LeerFlashAbs
 .text.LeerFlashRel
                0x000000000800cbb0       0x18 ./Recursos/Recursos.o
                0x000000000800cbb0                LeerFlashRel
 .text.PIC      0x000000000800cbc8      0x190 ./Recursos/Recursos.o
                0x000000000800cbc8                PIC
 .text.BCO      0x000000000800cd58      0x240 ./Recursos/Recursos.o
                0x000000000800cd58                BCO
 .text.BOT.part.0
                0x000000000800cf98       0x24 ./Recursos/Recursos.o
 .text.BOT      0x000000000800cfbc       0x26 ./Recursos/Recursos.o
                0x000000000800cfbc                BOT
 *fill*         0x000000000800cfe2        0x2 
 .text.MenuSet  0x000000000800cfe4       0x60 ./Recursos/Recursos.o
                0x000000000800cfe4                MenuSet
 .text.MenuPrint
                0x000000000800d044       0x5c ./Recursos/Recursos.o
                0x000000000800d044                MenuPrint
 .text.MenuAtencion
                0x000000000800d0a0       0xa0 ./Recursos/Recursos.o
                0x000000000800d0a0                MenuAtencion
 .text.XPT2046_TouchGetCoordinates
                0x000000000800d140      0x154 ./Touch/XPT2046_touch.o
                0x000000000800d140                XPT2046_TouchGetCoordinates
 .text.MX_USB_DEVICE_Init
                0x000000000800d294       0x50 ./USB_DEVICE/App/usb_device.o
                0x000000000800d294                MX_USB_DEVICE_Init
 .text.CDC_DeInit_FS
                0x000000000800d2e4        0x4 ./USB_DEVICE/App/usbd_cdc_if.o
 .text.CDC_Control_FS
                0x000000000800d2e8        0x4 ./USB_DEVICE/App/usbd_cdc_if.o
 .text.CDC_Receive_FS
                0x000000000800d2ec       0x38 ./USB_DEVICE/App/usbd_cdc_if.o
 .text.CDC_Init_FS
                0x000000000800d324       0x28 ./USB_DEVICE/App/usbd_cdc_if.o
 .text.USBD_FS_DeviceDescriptor
                0x000000000800d34c        0xc ./USB_DEVICE/App/usbd_desc.o
                0x000000000800d34c                USBD_FS_DeviceDescriptor
 .text.USBD_FS_LangIDStrDescriptor
                0x000000000800d358        0xc ./USB_DEVICE/App/usbd_desc.o
                0x000000000800d358                USBD_FS_LangIDStrDescriptor
 .text.IntToUnicode
                0x000000000800d364       0x2a ./USB_DEVICE/App/usbd_desc.o
 *fill*         0x000000000800d38e        0x2 
 .text.USBD_FS_SerialStrDescriptor
                0x000000000800d390       0x3c ./USB_DEVICE/App/usbd_desc.o
                0x000000000800d390                USBD_FS_SerialStrDescriptor
 .text.USBD_FS_ManufacturerStrDescriptor
                0x000000000800d3cc       0x1c ./USB_DEVICE/App/usbd_desc.o
                0x000000000800d3cc                USBD_FS_ManufacturerStrDescriptor
 .text.USBD_FS_ProductStrDescriptor
                0x000000000800d3e8       0x1c ./USB_DEVICE/App/usbd_desc.o
                0x000000000800d3e8                USBD_FS_ProductStrDescriptor
 .text.USBD_FS_ConfigStrDescriptor
                0x000000000800d404       0x1c ./USB_DEVICE/App/usbd_desc.o
                0x000000000800d404                USBD_FS_ConfigStrDescriptor
 .text.USBD_FS_InterfaceStrDescriptor
                0x000000000800d420       0x1c ./USB_DEVICE/App/usbd_desc.o
                0x000000000800d420                USBD_FS_InterfaceStrDescriptor
 .text.USBD_Get_USB_Status
                0x000000000800d43c       0x10 ./USB_DEVICE/Target/usbd_conf.o
 .text.HAL_PCD_MspInit
                0x000000000800d44c       0x50 ./USB_DEVICE/Target/usbd_conf.o
                0x000000000800d44c                HAL_PCD_MspInit
 .text.HAL_PCD_SetupStageCallback
                0x000000000800d49c        0xc ./USB_DEVICE/Target/usbd_conf.o
                0x000000000800d49c                HAL_PCD_SetupStageCallback
 .text.HAL_PCD_DataOutStageCallback
                0x000000000800d4a8       0x12 ./USB_DEVICE/Target/usbd_conf.o
                0x000000000800d4a8                HAL_PCD_DataOutStageCallback
 .text.HAL_PCD_DataInStageCallback
                0x000000000800d4ba       0x10 ./USB_DEVICE/Target/usbd_conf.o
                0x000000000800d4ba                HAL_PCD_DataInStageCallback
 .text.HAL_PCD_SOFCallback
                0x000000000800d4ca        0x8 ./USB_DEVICE/Target/usbd_conf.o
                0x000000000800d4ca                HAL_PCD_SOFCallback
 .text.HAL_PCD_ResetCallback
                0x000000000800d4d2       0x24 ./USB_DEVICE/Target/usbd_conf.o
                0x000000000800d4d2                HAL_PCD_ResetCallback
 *fill*         0x000000000800d4f6        0x2 
 .text.HAL_PCD_SuspendCallback
                0x000000000800d4f8       0x20 ./USB_DEVICE/Target/usbd_conf.o
                0x000000000800d4f8                HAL_PCD_SuspendCallback
 .text.HAL_PCD_ResumeCallback
                0x000000000800d518        0x8 ./USB_DEVICE/Target/usbd_conf.o
                0x000000000800d518                HAL_PCD_ResumeCallback
 .text.USBD_LL_Init
                0x000000000800d520       0x84 ./USB_DEVICE/Target/usbd_conf.o
                0x000000000800d520                USBD_LL_Init
 .text.USBD_LL_Start
                0x000000000800d5a4       0x12 ./USB_DEVICE/Target/usbd_conf.o
                0x000000000800d5a4                USBD_LL_Start
 .text.USBD_LL_OpenEP
                0x000000000800d5b6       0x18 ./USB_DEVICE/Target/usbd_conf.o
                0x000000000800d5b6                USBD_LL_OpenEP
 .text.USBD_LL_CloseEP
                0x000000000800d5ce       0x12 ./USB_DEVICE/Target/usbd_conf.o
                0x000000000800d5ce                USBD_LL_CloseEP
 .text.USBD_LL_StallEP
                0x000000000800d5e0       0x12 ./USB_DEVICE/Target/usbd_conf.o
                0x000000000800d5e0                USBD_LL_StallEP
 .text.USBD_LL_ClearStallEP
                0x000000000800d5f2       0x12 ./USB_DEVICE/Target/usbd_conf.o
                0x000000000800d5f2                USBD_LL_ClearStallEP
 .text.USBD_LL_IsStallEP
                0x000000000800d604       0x26 ./USB_DEVICE/Target/usbd_conf.o
                0x000000000800d604                USBD_LL_IsStallEP
 .text.USBD_LL_SetUSBAddress
                0x000000000800d62a       0x12 ./USB_DEVICE/Target/usbd_conf.o
                0x000000000800d62a                USBD_LL_SetUSBAddress
 .text.USBD_LL_Transmit
                0x000000000800d63c       0x12 ./USB_DEVICE/Target/usbd_conf.o
                0x000000000800d63c                USBD_LL_Transmit
 .text.USBD_LL_PrepareReceive
                0x000000000800d64e       0x12 ./USB_DEVICE/Target/usbd_conf.o
                0x000000000800d64e                USBD_LL_PrepareReceive
 .text.USBD_LL_GetRxDataSize
                0x000000000800d660        0x8 ./USB_DEVICE/Target/usbd_conf.o
                0x000000000800d660                USBD_LL_GetRxDataSize
 .text.USBD_static_malloc
                0x000000000800d668        0x8 ./USB_DEVICE/Target/usbd_conf.o
                0x000000000800d668                USBD_static_malloc
 .text.USBD_static_free
                0x000000000800d670        0x2 ./USB_DEVICE/Target/usbd_conf.o
                0x000000000800d670                USBD_static_free
 .text.HAL_PCDEx_SetConnectionState
                0x000000000800d672        0x2 ./USB_DEVICE/Target/usbd_conf.o
                0x000000000800d672                HAL_PCDEx_SetConnectionState
 .text.sprintf  0x000000000800d674       0x40 C:/ST/STM32CubeIDE_1.14.0/STM32CubeIDE/plugins/com.st.stm32cube.ide.mcu.externaltools.gnu-tools-for-stm32.11.3.rel1.win32_1.1.100.202309141235/tools/bin/../lib/gcc/arm-none-eabi/11.3.1/../../../../arm-none-eabi/lib/thumb/v7e-m+fp/hard\libc_nano.a(libc_a-sprintf.o)
                0x000000000800d674                siprintf
                0x000000000800d674                sprintf
 .text.memset   0x000000000800d6b4       0x10 C:/ST/STM32CubeIDE_1.14.0/STM32CubeIDE/plugins/com.st.stm32cube.ide.mcu.externaltools.gnu-tools-for-stm32.11.3.rel1.win32_1.1.100.202309141235/tools/bin/../lib/gcc/arm-none-eabi/11.3.1/../../../../arm-none-eabi/lib/thumb/v7e-m+fp/hard\libc_nano.a(libc_a-memset.o)
                0x000000000800d6b4                memset
 .text.__errno  0x000000000800d6c4        0xc C:/ST/STM32CubeIDE_1.14.0/STM32CubeIDE/plugins/com.st.stm32cube.ide.mcu.externaltools.gnu-tools-for-stm32.11.3.rel1.win32_1.1.100.202309141235/tools/bin/../lib/gcc/arm-none-eabi/11.3.1/../../../../arm-none-eabi/lib/thumb/v7e-m+fp/hard\libc_nano.a(libc_a-errno.o)
                0x000000000800d6c4                __errno
 .text.__libc_init_array
                0x000000000800d6d0       0x48 C:/ST/STM32CubeIDE_1.14.0/STM32CubeIDE/plugins/com.st.stm32cube.ide.mcu.externaltools.gnu-tools-for-stm32.11.3.rel1.win32_1.1.100.202309141235/tools/bin/../lib/gcc/arm-none-eabi/11.3.1/../../../../arm-none-eabi/lib/thumb/v7e-m+fp/hard\libc_nano.a(libc_a-init.o)
                0x000000000800d6d0                __libc_init_array
 .text.__retarget_lock_acquire_recursive
                0x000000000800d718        0x2 C:/ST/STM32CubeIDE_1.14.0/STM32CubeIDE/plugins/com.st.stm32cube.ide.mcu.externaltools.gnu-tools-for-stm32.11.3.rel1.win32_1.1.100.202309141235/tools/bin/../lib/gcc/arm-none-eabi/11.3.1/../../../../arm-none-eabi/lib/thumb/v7e-m+fp/hard\libc_nano.a(libc_a-lock.o)
                0x000000000800d718                __retarget_lock_acquire_recursive
 .text.__retarget_lock_release_recursive
                0x000000000800d71a        0x2 C:/ST/STM32CubeIDE_1.14.0/STM32CubeIDE/plugins/com.st.stm32cube.ide.mcu.externaltools.gnu-tools-for-stm32.11.3.rel1.win32_1.1.100.202309141235/tools/bin/../lib/gcc/arm-none-eabi/11.3.1/../../../../arm-none-eabi/lib/thumb/v7e-m+fp/hard\libc_nano.a(libc_a-lock.o)
                0x000000000800d71a                __retarget_lock_release_recursive
 .text.strcpy   0x000000000800d71c       0x10 C:/ST/STM32CubeIDE_1.14.0/STM32CubeIDE/plugins/com.st.stm32cube.ide.mcu.externaltools.gnu-tools-for-stm32.11.3.rel1.win32_1.1.100.202309141235/tools/bin/../lib/gcc/arm-none-eabi/11.3.1/../../../../arm-none-eabi/lib/thumb/v7e-m+fp/hard\libc_nano.a(libc_a-strcpy.o)
                0x000000000800d71c                strcpy
 .text._free_r  0x000000000800d72c       0x98 C:/ST/STM32CubeIDE_1.14.0/STM32CubeIDE/plugins/com.st.stm32cube.ide.mcu.externaltools.gnu-tools-for-stm32.11.3.rel1.win32_1.1.100.202309141235/tools/bin/../lib/gcc/arm-none-eabi/11.3.1/../../../../arm-none-eabi/lib/thumb/v7e-m+fp/hard\libc_nano.a(libc_a-freer.o)
                0x000000000800d72c                _free_r
 .text.sbrk_aligned
                0x000000000800d7c4       0x40 C:/ST/STM32CubeIDE_1.14.0/STM32CubeIDE/plugins/com.st.stm32cube.ide.mcu.externaltools.gnu-tools-for-stm32.11.3.rel1.win32_1.1.100.202309141235/tools/bin/../lib/gcc/arm-none-eabi/11.3.1/../../../../arm-none-eabi/lib/thumb/v7e-m+fp/hard\libc_nano.a(libc_a-mallocr.o)
 .text._malloc_r
                0x000000000800d804      0x100 C:/ST/STM32CubeIDE_1.14.0/STM32CubeIDE/plugins/com.st.stm32cube.ide.mcu.externaltools.gnu-tools-for-stm32.11.3.rel1.win32_1.1.100.202309141235/tools/bin/../lib/gcc/arm-none-eabi/11.3.1/../../../../arm-none-eabi/lib/thumb/v7e-m+fp/hard\libc_nano.a(libc_a-mallocr.o)
                0x000000000800d804                _malloc_r
 .text.__malloc_lock
                0x000000000800d904        0xc C:/ST/STM32CubeIDE_1.14.0/STM32CubeIDE/plugins/com.st.stm32cube.ide.mcu.externaltools.gnu-tools-for-stm32.11.3.rel1.win32_1.1.100.202309141235/tools/bin/../lib/gcc/arm-none-eabi/11.3.1/../../../../arm-none-eabi/lib/thumb/v7e-m+fp/hard\libc_nano.a(libc_a-mlock.o)
                0x000000000800d904                __malloc_lock
 .text.__malloc_unlock
                0x000000000800d910        0xc C:/ST/STM32CubeIDE_1.14.0/STM32CubeIDE/plugins/com.st.stm32cube.ide.mcu.externaltools.gnu-tools-for-stm32.11.3.rel1.win32_1.1.100.202309141235/tools/bin/../lib/gcc/arm-none-eabi/11.3.1/../../../../arm-none-eabi/lib/thumb/v7e-m+fp/hard\libc_nano.a(libc_a-mlock.o)
                0x000000000800d910                __malloc_unlock
 .text.__ssputs_r
                0x000000000800d91c       0xb4 C:/ST/STM32CubeIDE_1.14.0/STM32CubeIDE/plugins/com.st.stm32cube.ide.mcu.externaltools.gnu-tools-for-stm32.11.3.rel1.win32_1.1.100.202309141235/tools/bin/../lib/gcc/arm-none-eabi/11.3.1/../../../../arm-none-eabi/lib/thumb/v7e-m+fp/hard\libc_nano.a(libc_a-nano-svfprintf.o)
                0x000000000800d91c                __ssputs_r
 .text._svfprintf_r
                0x000000000800d9d0      0x1fc C:/ST/STM32CubeIDE_1.14.0/STM32CubeIDE/plugins/com.st.stm32cube.ide.mcu.externaltools.gnu-tools-for-stm32.11.3.rel1.win32_1.1.100.202309141235/tools/bin/../lib/gcc/arm-none-eabi/11.3.1/../../../../arm-none-eabi/lib/thumb/v7e-m+fp/hard\libc_nano.a(libc_a-nano-svfprintf.o)
                0x000000000800d9d0                _svfiprintf_r
                0x000000000800d9d0                _svfprintf_r
 .text._printf_common
                0x000000000800dbcc       0xda C:/ST/STM32CubeIDE_1.14.0/STM32CubeIDE/plugins/com.st.stm32cube.ide.mcu.externaltools.gnu-tools-for-stm32.11.3.rel1.win32_1.1.100.202309141235/tools/bin/../lib/gcc/arm-none-eabi/11.3.1/../../../../arm-none-eabi/lib/thumb/v7e-m+fp/hard\libc_nano.a(libc_a-nano-vfprintf_i.o)
                0x000000000800dbcc                _printf_common
 *fill*         0x000000000800dca6        0x2 
 .text._printf_i
                0x000000000800dca8      0x244 C:/ST/STM32CubeIDE_1.14.0/STM32CubeIDE/plugins/com.st.stm32cube.ide.mcu.externaltools.gnu-tools-for-stm32.11.3.rel1.win32_1.1.100.202309141235/tools/bin/../lib/gcc/arm-none-eabi/11.3.1/../../../../arm-none-eabi/lib/thumb/v7e-m+fp/hard\libc_nano.a(libc_a-nano-vfprintf_i.o)
                0x000000000800dca8                _printf_i
 .text.memmove  0x000000000800deec       0x34 C:/ST/STM32CubeIDE_1.14.0/STM32CubeIDE/plugins/com.st.stm32cube.ide.mcu.externaltools.gnu-tools-for-stm32.11.3.rel1.win32_1.1.100.202309141235/tools/bin/../lib/gcc/arm-none-eabi/11.3.1/../../../../arm-none-eabi/lib/thumb/v7e-m+fp/hard\libc_nano.a(libc_a-memmove.o)
                0x000000000800deec                memmove
 .text._sbrk_r  0x000000000800df20       0x20 C:/ST/STM32CubeIDE_1.14.0/STM32CubeIDE/plugins/com.st.stm32cube.ide.mcu.externaltools.gnu-tools-for-stm32.11.3.rel1.win32_1.1.100.202309141235/tools/bin/../lib/gcc/arm-none-eabi/11.3.1/../../../../arm-none-eabi/lib/thumb/v7e-m+fp/hard\libc_nano.a(libc_a-sbrkr.o)
                0x000000000800df20                _sbrk_r
 .text.memcpy   0x000000000800df40       0x1c C:/ST/STM32CubeIDE_1.14.0/STM32CubeIDE/plugins/com.st.stm32cube.ide.mcu.externaltools.gnu-tools-for-stm32.11.3.rel1.win32_1.1.100.202309141235/tools/bin/../lib/gcc/arm-none-eabi/11.3.1/../../../../arm-none-eabi/lib/thumb/v7e-m+fp/hard\libc_nano.a(libc_a-memcpy-stub.o)
                0x000000000800df40                memcpy
 .text._realloc_r
                0x000000000800df5c       0x5e C:/ST/STM32CubeIDE_1.14.0/STM32CubeIDE/plugins/com.st.stm32cube.ide.mcu.externaltools.gnu-tools-for-stm32.11.3.rel1.win32_1.1.100.202309141235/tools/bin/../lib/gcc/arm-none-eabi/11.3.1/../../../../arm-none-eabi/lib/thumb/v7e-m+fp/hard\libc_nano.a(libc_a-reallocr.o)
                0x000000000800df5c                _realloc_r
 .text._malloc_usable_size_r
                0x000000000800dfba       0x10 C:/ST/STM32CubeIDE_1.14.0/STM32CubeIDE/plugins/com.st.stm32cube.ide.mcu.externaltools.gnu-tools-for-stm32.11.3.rel1.win32_1.1.100.202309141235/tools/bin/../lib/gcc/arm-none-eabi/11.3.1/../../../../arm-none-eabi/lib/thumb/v7e-m+fp/hard\libc_nano.a(libc_a-msizer.o)
                0x000000000800dfba                _malloc_usable_size_r
 *fill*         0x000000000800dfca        0x6 
 .text.sin      0x000000000800dfd0       0xb0 C:/ST/STM32CubeIDE_1.14.0/STM32CubeIDE/plugins/com.st.stm32cube.ide.mcu.externaltools.gnu-tools-for-stm32.11.3.rel1.win32_1.1.100.202309141235/tools/bin/../lib/gcc/arm-none-eabi/11.3.1/../../../../arm-none-eabi/lib/thumb/v7e-m+fp/hard\libm.a(libm_a-s_sin.o)
                0x000000000800dfd0                sin
 .text.__kernel_cos
                0x000000000800e080      0x18c C:/ST/STM32CubeIDE_1.14.0/STM32CubeIDE/plugins/com.st.stm32cube.ide.mcu.externaltools.gnu-tools-for-stm32.11.3.rel1.win32_1.1.100.202309141235/tools/bin/../lib/gcc/arm-none-eabi/11.3.1/../../../../arm-none-eabi/lib/thumb/v7e-m+fp/hard\libm.a(libm_a-k_cos.o)
                0x000000000800e080                __kernel_cos
 *fill*         0x000000000800e20c        0x4 
 .text.__kernel_sin
                0x000000000800e210      0x17c C:/ST/STM32CubeIDE_1.14.0/STM32CubeIDE/plugins/com.st.stm32cube.ide.mcu.externaltools.gnu-tools-for-stm32.11.3.rel1.win32_1.1.100.202309141235/tools/bin/../lib/gcc/arm-none-eabi/11.3.1/../../../../arm-none-eabi/lib/thumb/v7e-m+fp/hard\libm.a(libm_a-k_sin.o)
                0x000000000800e210                __kernel_sin
 *fill*         0x000000000800e38c        0x4 
 .text.__ieee754_rem_pio2
                0x000000000800e390      0x40c C:/ST/STM32CubeIDE_1.14.0/STM32CubeIDE/plugins/com.st.stm32cube.ide.mcu.externaltools.gnu-tools-for-stm32.11.3.rel1.win32_1.1.100.202309141235/tools/bin/../lib/gcc/arm-none-eabi/11.3.1/../../../../arm-none-eabi/lib/thumb/v7e-m+fp/hard\libm.a(libm_a-e_rem_pio2.o)
                0x000000000800e390                __ieee754_rem_pio2
 .text.fabs     0x000000000800e79c       0x12 C:/ST/STM32CubeIDE_1.14.0/STM32CubeIDE/plugins/com.st.stm32cube.ide.mcu.externaltools.gnu-tools-for-stm32.11.3.rel1.win32_1.1.100.202309141235/tools/bin/../lib/gcc/arm-none-eabi/11.3.1/../../../../arm-none-eabi/lib/thumb/v7e-m+fp/hard\libm.a(libm_a-s_fabs.o)
                0x000000000800e79c                fabs
 *fill*         0x000000000800e7ae        0x2 
 .text.__kernel_rem_pio2
                0x000000000800e7b0      0x69c C:/ST/STM32CubeIDE_1.14.0/STM32CubeIDE/plugins/com.st.stm32cube.ide.mcu.externaltools.gnu-tools-for-stm32.11.3.rel1.win32_1.1.100.202309141235/tools/bin/../lib/gcc/arm-none-eabi/11.3.1/../../../../arm-none-eabi/lib/thumb/v7e-m+fp/hard\libm.a(libm_a-k_rem_pio2.o)
                0x000000000800e7b0                __kernel_rem_pio2
 *fill*         0x000000000800ee4c        0x4 
 .text.scalbn   0x000000000800ee50       0xfc C:/ST/STM32CubeIDE_1.14.0/STM32CubeIDE/plugins/com.st.stm32cube.ide.mcu.externaltools.gnu-tools-for-stm32.11.3.rel1.win32_1.1.100.202309141235/tools/bin/../lib/gcc/arm-none-eabi/11.3.1/../../../../arm-none-eabi/lib/thumb/v7e-m+fp/hard\libm.a(libm_a-s_scalbn.o)
                0x000000000800ee50                scalbn
 *fill*         0x000000000800ef4c        0x4 
 .text.floor    0x000000000800ef50      0x100 C:/ST/STM32CubeIDE_1.14.0/STM32CubeIDE/plugins/com.st.stm32cube.ide.mcu.externaltools.gnu-tools-for-stm32.11.3.rel1.win32_1.1.100.202309141235/tools/bin/../lib/gcc/arm-none-eabi/11.3.1/../../../../arm-none-eabi/lib/thumb/v7e-m+fp/hard\libm.a(libm_a-s_floor.o)
                0x000000000800ef50                floor
 *(.glue_7)
 .glue_7        0x000000000800f050        0x0 linker stubs
 *(.glue_7t)
 .glue_7t       0x000000000800f050        0x0 linker stubs
 *(.eh_frame)
 .eh_frame      0x000000000800f050        0x0 C:/ST/STM32CubeIDE_1.14.0/STM32CubeIDE/plugins/com.st.stm32cube.ide.mcu.externaltools.gnu-tools-for-stm32.11.3.rel1.win32_1.1.100.202309141235/tools/bin/../lib/gcc/arm-none-eabi/11.3.1/thumb/v7e-m+fp/hard/crtbegin.o
 *(.init)
 .init          0x000000000800f050        0x4 C:/ST/STM32CubeIDE_1.14.0/STM32CubeIDE/plugins/com.st.stm32cube.ide.mcu.externaltools.gnu-tools-for-stm32.11.3.rel1.win32_1.1.100.202309141235/tools/bin/../lib/gcc/arm-none-eabi/11.3.1/thumb/v7e-m+fp/hard/crti.o
                0x000000000800f050                _init
 .init          0x000000000800f054        0x8 C:/ST/STM32CubeIDE_1.14.0/STM32CubeIDE/plugins/com.st.stm32cube.ide.mcu.externaltools.gnu-tools-for-stm32.11.3.rel1.win32_1.1.100.202309141235/tools/bin/../lib/gcc/arm-none-eabi/11.3.1/thumb/v7e-m+fp/hard/crtn.o
 *(.fini)
 .fini          0x000000000800f05c        0x4 C:/ST/STM32CubeIDE_1.14.0/STM32CubeIDE/plugins/com.st.stm32cube.ide.mcu.externaltools.gnu-tools-for-stm32.11.3.rel1.win32_1.1.100.202309141235/tools/bin/../lib/gcc/arm-none-eabi/11.3.1/thumb/v7e-m+fp/hard/crti.o
                0x000000000800f05c                _fini
 .fini          0x000000000800f060        0x8 C:/ST/STM32CubeIDE_1.14.0/STM32CubeIDE/plugins/com.st.stm32cube.ide.mcu.externaltools.gnu-tools-for-stm32.11.3.rel1.win32_1.1.100.202309141235/tools/bin/../lib/gcc/arm-none-eabi/11.3.1/thumb/v7e-m+fp/hard/crtn.o
                0x000000000800f068                . = ALIGN (0x4)
                0x000000000800f068                _etext = .

.vfp11_veneer   0x000000000800f068        0x0
 .vfp11_veneer  0x000000000800f068        0x0 linker stubs

.v4_bx          0x000000000800f068        0x0
 .v4_bx         0x000000000800f068        0x0 linker stubs

.iplt           0x000000000800f068        0x0
 .iplt          0x000000000800f068        0x0 C:/ST/STM32CubeIDE_1.14.0/STM32CubeIDE/plugins/com.st.stm32cube.ide.mcu.externaltools.gnu-tools-for-stm32.11.3.rel1.win32_1.1.100.202309141235/tools/bin/../lib/gcc/arm-none-eabi/11.3.1/thumb/v7e-m+fp/hard/crtbegin.o

.rodata         0x000000000800f068     0x23f0
                0x000000000800f068                . = ALIGN (0x4)
 *(.rodata)
 *(.rodata*)
 .rodata.AppLoop.str1.1
                0x000000000800f068      0x456 ./App/Aplicacion.o
                                        0x46e (size before relaxing)
 .rodata.INGRESAR
                0x000000000800f4be        0x9 ./App/Idioma.o
                0x000000000800f4be                INGRESAR
 .rodata.SALIR  0x000000000800f4c7        0x6 ./App/Idioma.o
                0x000000000800f4c7                SALIR
 .rodata.AtencionTecla.str1.1